Product: MDK-ARM Professional 5.10
Component: ARM Compiler 5.04 update 1 (build 49)
Tool: armlink [5040049]

==============================================================================

Section Cross References

    startup_stm32f10x_hd.o(RESET) refers to startup_stm32f10x_hd.o(STACK) for __initial_sp
    startup_stm32f10x_hd.o(RESET) refers to startup_stm32f10x_hd.o(.text) for Reset_Handler
    startup_stm32f10x_hd.o(RESET) refers to stm32f10x_it.o(.text) for NMI_Handler
    startup_stm32f10x_hd.o(.text) refers to system_stm32f10x.o(.text) for SystemInit
    startup_stm32f10x_hd.o(.text) refers to entry.o(.ARM.Collect$$$$00000000) for __main
    system_stm32f10x.o(.text) refers to system_stm32f10x.o(.data) for SystemCoreClock
    stm32f10x_gpio.o(.text) refers to stm32f10x_rcc.o(.text) for RCC_APB2PeriphResetCmd
    stm32f10x_rcc.o(.text) refers to stm32f10x_rcc.o(.data) for APBAHBPrescTable
    stm32f10x_usart.o(.text) refers to stm32f10x_rcc.o(.text) for RCC_APB2PeriphResetCmd
    gpio.o(.text) refers to stm32f10x_rcc.o(.text) for RCC_APB2PeriphClockCmd
    gpio.o(.text) refers to stm32f10x_gpio.o(.text) for GPIO_Init
    delay.o(.text) refers to misc.o(.text) for SysTick_CLKSourceConfig
    delay.o(.text) refers to delay.o(.data) for sysclk
    usart.o(.text) refers to stm32f10x_rcc.o(.text) for RCC_APB2PeriphClockCmd
    usart.o(.text) refers to stm32f10x_gpio.o(.text) for GPIO_Init
    usart.o(.text) refers to stm32f10x_usart.o(.text) for USART_Init
    usart.o(.text) refers to misc.o(.text) for NVIC_PriorityGroupConfig
    usart.o(.text) refers to memcpya.o(.text) for __aeabi_memcpy4
    usart.o(.text) refers to printfa.o(i.__0printf) for __2printf
    usart.o(.text) refers to usart.o(.conststring) for .conststring
    sdio_sd.o(.text) refers to stm32f10x_sdio.o(.text) for SDIO_ClockCmd
    sdio_sd.o(.text) refers to stm32f10x_rcc.o(.text) for RCC_AHBPeriphClockCmd
    sdio_sd.o(.text) refers to stm32f10x_gpio.o(.text) for GPIO_Init
    sdio_sd.o(.text) refers to sdio_sd.o(.bss) for SDIO_CmdInitStructure
    sdio_sd.o(.text) refers to sdio_sd.o(.data) for RCA
    sdio_sd.o(.text) refers to stm32f10x_dma.o(.text) for DMA_ClearFlag
    sdio_sd.o(.text) refers to uldiv.o(.text) for __aeabi_uldivmod
    sdio_sd.o(.text) refers to misc.o(.text) for NVIC_PriorityGroupConfig
    sdio_sd.o(.text) refers to dfltul.o(.text) for __aeabi_ul2d
    sdio_sd.o(.text) refers to ddiv.o(.text) for __aeabi_ddiv
    sdio_sd.o(.text) refers to d2f.o(.text) for __aeabi_d2f
    sdio_sd.o(.text) refers to f2d.o(.text) for __aeabi_f2d
    sdio_sd.o(.text) refers to printfa.o(i.__0printf) for __2printf
    nvic.o(.text) refers to misc.o(.text) for NVIC_SetVectorTable
    systemclock.o(.text) refers to stm32f10x_rcc.o(.text) for RCC_DeInit
    systemclock.o(.text) refers to stm32f10x_flash.o(.text) for FLASH_PrefetchBufferCmd
    fsmc_nor.o(.text) refers to stm32f10x_rcc.o(.text) for RCC_APB2PeriphClockCmd
    fsmc_nor.o(.text) refers to stm32f10x_gpio.o(.text) for GPIO_Init
    fsmc_nor.o(.text) refers to stm32f10x_fsmc.o(.text) for FSMC_NORSRAMInit
    ra8875.o(.text) refers to stm32f10x_rcc.o(.text) for RCC_AHBPeriphClockCmd
    ra8875.o(.text) refers to stm32f10x_gpio.o(.text) for GPIO_Init
    ra8875.o(.text) refers to stm32f10x_fsmc.o(.text) for FSMC_NORSRAMInit
    ra8875.o(.text) refers to ra8875.o(.data) for POINT_COLOR
    diskio.o(.text) refers to sdio_sd.o(.text) for SD_GetCardInfo
    diskio.o(.text) refers to uldiv.o(.text) for __aeabi_uldivmod
    diskio.o(.text) refers to sdio_sd.o(.bss) for SDCardInfo
    ff.o(.text) refers to diskio.o(.text) for disk_write
    ff.o(.text) refers to ff.o(.data) for FatFs
    main.o(.text) refers to ff.o(.text) for f_mount
    main.o(.text) refers to lcdprintf.o(.text) for LOG
    main.o(.text) refers to stm32f10x_flash.o(.text) for FLASH_Unlock
    main.o(.text) refers to printfa.o(i.__0sprintf) for __2sprintf
    main.o(.text) refers to gpio.o(.text) for LED_Toggle
    main.o(.text) refers to systemclock.o(.text) for RCC_Configuration
    main.o(.text) refers to usart.o(.text) for USART1_Init
    main.o(.text) refers to fsmc_nor.o(.text) for FSMC_NOR_Init
    main.o(.text) refers to delay.o(.text) for Delay_Init
    main.o(.text) refers to ra8875.o(.text) for RA8875_Init
    main.o(.text) refers to sdio_sd.o(.text) for SDIO_IRQnSet
    main.o(.text) refers to stm32f10x_gpio.o(.text) for GPIO_SetBits
    main.o(.text) refers to core_cm3.o(.emb_text) for __set_MSP
    main.o(.text) refers to main.o(.bss) for fs0
    main.o(.text) refers to main.o(.data) for fr
    stm32f10x_it.o(.text) refers to sdio_sd.o(.text) for SD_ProcessIRQSrc
    stm32f10x_it.o(.text) refers to stm32f10x_usart.o(.text) for USART_GetITStatus
    stm32f10x_it.o(.text) refers to stm32f10x_gpio.o(.text) for GPIO_ResetBits
    stm32f10x_it.o(.text) refers to usart.o(.data) for data_length
    stm32f10x_it.o(.text) refers to usart.o(.bss) for rx_buffer
[...]
    printf5.o(i._printf_core) refers to uldiv.o(.text) for __aeabi_uldivmod
    printf6.o(i.__0fprintf$6) refers to printf6.o(i._printf_core) for _printf_core
    printf6.o(i.__0fprintf$6) refers to usart.o(.text) for fputc
    printf6.o(i.__0printf$6) refers to printf6.o(i._printf_core) for _printf_core
    printf6.o(i.__0printf$6) refers to usart.o(.text) for fputc
    printf6.o(i.__0printf$6) refers to stdout.o(.data) for __stdout
    printf6.o(i.__0snprintf$6) refers to printf6.o(i._printf_core) for _printf_core
    printf6.o(i.__0snprintf$6) refers to printf6.o(i._snputc) for _snputc
    printf6.o(i.__0sprintf$6) refers to printf6.o(i._printf_core) for _printf_core
    printf6.o(i.__0sprintf$6) refers to printf6.o(i._sputc) for _sputc
    printf6.o(i.__0vfprintf$6) refers to printf6.o(i._printf_core) for _printf_core
    printf6.o(i.__0vfprintf$6) refers to usart.o(.text) for fputc
    printf6.o(i.__0vprintf$6) refers to printf6.o(i._printf_core) for _printf_core
    printf6.o(i.__0vprintf$6) refers to usart.o(.text) for fputc
    printf6.o(i.__0vprintf$6) refers to stdout.o(.data) for __stdout
    printf6.o(i.__0vsnprintf$6) refers to printf6.o(i._printf_core) for _printf_core
    printf6.o(i.__0vsnprintf$6) refers to printf6.o(i._snputc) for _snputc
    printf6.o(i.__0vsprintf$6) refers to printf6.o(i._printf_core) for _printf_core
    printf6.o(i.__0vsprintf$6) refers to printf6.o(i._sputc) for _sputc
    printf6.o(i._printf_core) refers to printf6.o(i._printf_pre_padding) for _printf_pre_padding
    printf6.o(i._printf_core) refers to uidiv.o(.text) for __aeabi_uidivmod
    printf6.o(i._printf_core) refers to printf6.o(i._printf_post_padding) for _printf_post_padding
    printf7.o(i.__0fprintf$7) refers to printf7.o(i._printf_core) for _printf_core
    printf7.o(i.__0fprintf$7) refers to usart.o(.text) for fputc
    printf7.o(i.__0printf$7) refers to printf7.o(i._printf_core) for _printf_core
    printf7.o(i.__0printf$7) refers to usart.o(.text) for fputc
    printf7.o(i.__0printf$7) refers to stdout.o(.data) for __stdout
    printf7.o(i.__0snprintf$7) refers to printf7.o(i._printf_core) for _printf_core
    printf7.o(i.__0snprintf$7) refers to printf7.o(i._snputc) for _snputc
    printf7.o(i.__0sprintf$7) refers to printf7.o(i._printf_core) for _printf_core
    printf7.o(i.__0sprintf$7) refers to printf7.o(i._sputc) for _sputc
    printf7.o(i.__0vfprintf$7) refers to printf7.o(i._printf_core) for _printf_core
    printf7.o(i.__0vfprintf$7) refers to usart.o(.text) for fputc
    printf7.o(i.__0vprintf$7) refers to printf7.o(i._printf_core) for _printf_core
    printf7.o(i.__0vprintf$7) refers to usart.o(.text) for fputc
    printf7.o(i.__0vprintf$7) refers to stdout.o(.data) for __stdout
    printf7.o(i.__0vsnprintf$7) refers to printf7.o(i._printf_core) for _printf_core
    printf7.o(i.__0vsnprintf$7) refers to printf7.o(i._snputc) for _snputc
    printf7.o(i.__0vsprintf$7) refers to printf7.o(i._printf_core) for _printf_core
    printf7.o(i.__0vsprintf$7) refers to printf7.o(i._sputc) for _sputc
    printf7.o(i._printf_core) refers to printf7.o(i._printf_pre_padding) for _printf_pre_padding
    printf7.o(i._printf_core) refers to uldiv.o(.text) for __aeabi_uldivmod
    printf7.o(i._printf_core) refers to printf7.o(i._printf_post_padding) for _printf_post_padding
    printf8.o(i.__0fprintf$8) refers to printf8.o(i._printf_core) for _printf_core
    printf8.o(i.__0fprintf$8) refers to usart.o(.text) for fputc
    printf8.o(i.__0printf$8) refers to printf8.o(i._printf_core) for _printf_core
    printf8.o(i.__0printf$8) refers to usart.o(.text) for fputc
    printf8.o(i.__0printf$8) refers to stdout.o(.data) for __stdout
    printf8.o(i.__0snprintf$8) refers to printf8.o(i._printf_core) for _printf_core
    printf8.o(i.__0snprintf$8) refers to printf8.o(i._snputc) for _snputc
    printf8.o(i.__0sprintf$8) refers to printf8.o(i._printf_core) for _printf_core
    printf8.o(i.__0sprintf$8) refers to printf8.o(i._sputc) for _sputc
    printf8.o(i.__0vfprintf$8) refers to printf8.o(i._printf_core) for _printf_core
    printf8.o(i.__0vfprintf$8) refers to usart.o(.text) for fputc
    printf8.o(i.__0vprintf$8) refers to printf8.o(i._printf_core) for _printf_core
    printf8.o(i.__0vprintf$8) refers to usart.o(.text) for fputc
    printf8.o(i.__0vprintf$8) refers to stdout.o(.data) for __stdout
    printf8.o(i.__0vsnprintf$8) refers to printf8.o(i._printf_core) for _printf_core
    printf8.o(i.__0vsnprintf$8) refers to printf8.o(i._snputc) for _snputc
    printf8.o(i.__0vsprintf$8) refers to printf8.o(i._printf_core) for _printf_core
    printf8.o(i.__0vsprintf$8) refers to printf8.o(i._sputc) for _sputc
    printf8.o(i._printf_core) refers to printf8.o(i._printf_pre_padding) for _printf_pre_padding
    printf8.o(i._printf_core) refers to uldiv.o(.text) for __aeabi_uldivmod
    printf8.o(i._printf_core) refers to printf8.o(i._printf_post_padding) for _printf_post_padding
    printfa.o(i.__0fprintf) refers (Special) to iusefp.o(.text) for __I$use$fp
    printfa.o(i.__0fprintf) refers to printfa.o(i._printf_core) for _printf_core
    printfa.o(i.__0fprintf) refers to usart.o(.text) for fputc
    printfa.o(i.__0printf) refers (Special) to iusefp.o(.text) for __I$use$fp
    printfa.o(i.__0printf) refers to printfa.o(i._printf_core) for _printf_core
    printfa.o(i.__0printf) refers to usart.o(.text) for fputc
    printfa.o(i.__0printf) refers to stdout.o(.data) for __stdout
    printfa.o(i.__0snprintf) refers (Special) to iusefp.o(.text) for __I$use$fp
    printfa.o(i.__0snprintf) refers to printfa.o(i._printf_core) for _printf_core
    printfa.o(i.__0snprintf) refers to printfa.o(i._snputc) for _snputc
    printfa.o(i.__0sprintf) refers (Special) to iusefp.o(.text) for __I$use$fp
    printfa.o(i.__0sprintf) refers to printfa.o(i._printf_core) for _printf_core
    printfa.o(i.__0sprintf) refers to printfa.o(i._sputc) for _sputc
    printfa.o(i.__0vfprintf) refers (Special) to iusefp.o(.text) for __I$use$fp
    printfa.o(i.__0vfprintf) refers to printfa.o(i._printf_core) for _printf_core
    printfa.o(i.__0vfprintf) refers to usart.o(.text) for fputc
    printfa.o(i.__0vprintf) refers (Special) to iusefp.o(.text) for __I$use$fp
    printfa.o(i.__0vprintf) refers to printfa.o(i._printf_core) for _printf_core
    printfa.o(i.__0vprintf) refers to usart.o(.text) for fputc
    printfa.o(i.__0vprintf) refers to stdout.o(.data) for __stdout
    printfa.o(i.__0vsnprintf) refers (Special) to iusefp.o(.text) for __I$use$fp
    printfa.o(i.__0vsnprintf) refers to printfa.o(i._printf_core) for _printf_core
    printfa.o(i.__0vsnprintf) refers to printfa.o(i._snputc) for _snputc
    printfa.o(i.__0vsprintf) refers (Special) to iusefp.o(.text) for __I$use$fp
    printfa.o(i.__0vsprintf) refers to printfa.o(i._printf_core) for _printf_core
    printfa.o(i.__0vsprintf) refers to printfa.o(i._sputc) for _sputc
    printfa.o(i._fp_digits) refers (Special) to iusefp.o(.text) for __I$use$fp
    printfa.o(i._fp_digits) refers to dmul.o(.text) for __aeabi_dmul
    printfa.o(i._fp_digits) refers to ddiv.o(.text) for __aeabi_ddiv
    printfa.o(i._fp_digits) refers to cdrcmple.o(.text) for __aeabi_cdrcmple
    printfa.o(i._fp_digits) refers to dadd.o(.text) for __aeabi_dadd
    printfa.o(i._fp_digits) refers to dfixul.o(.text) for __aeabi_d2ulz
    printfa.o(i._fp_digits) refers to uldiv.o(.text) for __aeabi_uldivmod
    printfa.o(i._printf_core) refers (Special) to iusefp.o(.text) for __I$use$fp
    printfa.o(i._printf_core) refers to printfa.o(i._printf_pre_padding) for _printf_pre_padding
    printfa.o(i._printf_core) refers to uldiv.o(.text) for __aeabi_uldivmod
    printfa.o(i._printf_core) refers to printfa.o(i._printf_post_padding) for _printf_post_padding
    printfa.o(i._printf_core) refers to printfa.o(i._fp_digits) for _fp_digits
    printfa.o(i._printf_core) refers to uidiv.o(.text) for __aeabi_uidivmod
    printfa.o(i._printf_post_padding) refers (Special) to iusefp.o(.text) for __I$use$fp
    printfa.o(i._printf_pre_padding) refers (Special) to iusefp.o(.text) for __I$use$fp
    printfa.o(i._snputc) refers (Special) to iusefp.o(.text) for __I$use$fp
    printfa.o(i._sputc) refers (Special) to iusefp.o(.text) for __I$use$fp
    ddiv.o(.text) refers (Special) to iusefp.o(.text) for __I$use$fp
    ddiv.o(.text) refers to depilogue.o(.text) for _double_round
    dfltul.o(.text) refers (Special) to iusefp.o(.text) for __I$use$fp
    dfltul.o(.text) refers to depilogue.o(.text) for _double_epilogue
    f2d.o(.text) refers (Special) to iusefp.o(.text) for __I$use$fp
    d2f.o(.text) refers (Special) to iusefp.o(.text) for __I$use$fp
    d2f.o(.text) refers to fepilogue.o(.text) for _float_round
    entry2.o(.ARM.Collect$$$$00000001) refers to entry2.o(.ARM.Collect$$$$00002712) for __lit__00000000
    entry2.o(.ARM.Collect$$$$00002712) refers to startup_stm32f10x_hd.o(STACK) for __initial_sp
    entry2.o(__vectab_stack_and_reset_area) refers to startup_stm32f10x_hd.o(STACK) for __initial_sp
    entry2.o(__vectab_stack_and_reset_area) refers to entry.o(.ARM.Collect$$$$00000000) for __main
    entry5.o(.ARM.Collect$$$$00000004) refers to init.o(.text) for __scatterload
    entry9a.o(.ARM.Collect$$$$0000000B) refers to main.o(.text) for main
    entry9b.o(.ARM.Collect$$$$0000000C) refers to main.o(.text) for main
    depilogue.o(.text) refers to llshl.o(.text) for __aeabi_llsl
    depilogue.o(.text) refers to llushr.o(.text) for __aeabi_llsr
    dadd.o(.text) refers to llshl.o(.text) for __aeabi_llsl
    dadd.o(.text) refers to llsshr.o(.text) for __aeabi_lasr
    dadd.o(.text) refers to depilogue.o(.text) for _double_epilogue
    dmul.o(.text) refers to depilogue.o(.text) for _double_epilogue
    dfixul.o(.text) refers to llushr.o(.text) for __aeabi_llsr
    dfixul.o(.text) refers to llshl.o(.text) for __aeabi_llsl
    init.o(.text) refers to entry5.o(.ARM.Collect$$$$00000004) for __main_after_scatterload


==============================================================================

Removing Unused input sections from the image.

    Removing startup_stm32f10x_hd.o(HEAP), (512 bytes).
    Removing stm32f10x_crc.o(.text), (72 bytes).
    Removing stm32f10x_dbgmcu.o(.text), (48 bytes).
    Removing nvic.o(.text), (14 bytes).
    Removing fsmc_nor.o(.bss), (4096 bytes).

5 unused section(s) (total 4742 bytes) removed from the image.

==============================================================================

Image Symbol Table

    Local Symbols

    Symbol Name                              Value     Ov Type        Size  Object(Section)

    ../clib/microlib/division.c              0x00000000   Number         0  uidiv.o ABSOLUTE
    ../clib/microlib/division.c              0x00000000   Number         0  uldiv.o ABSOLUTE
    ../clib/microlib/init/entry.s            0x00000000   Number         0  entry2.o ABSOLUTE
    ../clib/microlib/init/entry.s            0x00000000   Number         0  entry5.o ABSOLUTE
    ../clib/microlib/init/entry.s            0x00000000   Number         0  entry11b.o ABSOLUTE
    ../clib/microlib/init/entry.s            0x00000000   Number         0  entry11a.o ABSOLUTE
    ../clib/microlib/init/entry.s            0x00000000   Number         0  entry10b.o ABSOLUTE
    ../clib/microlib/init/entry.s            0x00000000   Number         0  entry10a.o ABSOLUTE
    ../clib/microlib/init/entry.s            0x00000000   Number         0  entry9b.o ABSOLUTE
    ../clib/microlib/init/entry.s            0x00000000   Number         0  entry7a.o ABSOLUTE
    ../clib/microlib/init/entry.s            0x00000000   Number         0  entry9a.o ABSOLUTE
    ../clib/microlib/init/entry.s            0x00000000   Number         0  entry8b.o ABSOLUTE
    ../clib/microlib/init/entry.s            0x00000000   Number         0  entry7b.o ABSOLUTE
    ../clib/microlib/init/entry.s            0x00000000   Number         0  entry8a.o ABSOLUTE
    ../clib/microlib/init/entry.s            0x00000000   Number         0  entry.o ABSOLUTE
    ../clib/microlib/longlong.c              0x00000000   Number         0  llushr.o ABSOLUTE
    ../clib/microlib/longlong.c              0x00000000   Number         0  llshl.o ABSOLUTE
    ../clib/microlib/longlong.c              0x00000000   Number         0  llsshr.o ABSOLUTE
    ../clib/microlib/printf/printf.c         0x00000000   Number         0  printf3.o ABSOLUTE
    ../clib/microlib/printf/printf.c         0x00000000   Number         0  printf2.o ABSOLUTE
    ../clib/microlib/printf/printf.c         0x00000000   Number         0  printf4.o ABSOLUTE
    ../clib/microlib/printf/printf.c         0x00000000   Number         0  printf6.o ABSOLUTE
    ../clib/microlib/printf/printf.c         0x00000000   Number         0  printf5.o ABSOLUTE
    ../clib/microlib/printf/printf.c         0x00000000   Number         0  printf7.o ABSOLUTE
    ../clib/microlib/printf/printf.c         0x00000000   Number         0  printf8.o ABSOLUTE
    ../clib/microlib/printf/printf.c         0x00000000   Number         0  printfa.o ABSOLUTE
    ../clib/microlib/printf/printf.c         0x00000000   Number         0  printf1.o ABSOLUTE
    ../clib/microlib/printf/printf.c         0x00000000   Number         0  printf0.o ABSOLUTE
    ../clib/microlib/printf/printf.c         0x00000000   Number         0  printfb.o ABSOLUTE
    ../clib/microlib/printf/stubs.s          0x00000000   Number         0  stubs.o ABSOLUTE
    ../clib/microlib/stdio/streams.c         0x00000000   Number         0  stdout.o ABSOLUTE
    ../clib/microlib/string/memcpy.c         0x00000000   Number         0  memcpyb.o ABSOLUTE
    ../clib/microlib/string/memcpy.c         0x00000000   Number         0  memcpya.o ABSOLUTE
    ../clib/microlib/stubs.s                 0x00000000   Number         0  iusefp.o ABSOLUTE
    ../fplib/microlib/d2f.c                  0x00000000   Number         0  d2f.o ABSOLUTE
    ../fplib/microlib/f2d.c                  0x00000000   Number         0  f2d.o ABSOLUTE
    ../fplib/microlib/fpadd.c                0x00000000   Number         0  dadd.o ABSOLUTE
    ../fplib/microlib/fpdiv.c                0x00000000   Number         0  ddiv.o ABSOLUTE
    ../fplib/microlib/fpepilogue.c           0x00000000   Number         0  fepilogue.o ABSOLUTE
    ../fplib/microlib/fpepilogue.c           0x00000000   Number         0  depilogue.o ABSOLUTE
    ../fplib/microlib/fpfix.c                0x00000000   Number         0  dfixul.o ABSOLUTE
    ../fplib/microlib/fpflt.c                0x00000000   Number         0  dfltul.o ABSOLUTE
    ../fplib/microlib/fpmul.c                0x00000000   Number         0  dmul.o ABSOLUTE
    Application\LCDPrintf.c                  0x00000000   Number         0  lcdprintf.o ABSOLUTE
    Application\main.c                       0x00000000   Number         0  main.o ABSOLUTE
    Application\stm32f10x_it.c               0x00000000   Number         0  stm32f10x_it.o ABSOLUTE
    Driver\Gpio.c                            0x00000000   Number         0  gpio.o ABSOLUTE
    Driver\Nvic.c                            0x00000000   Number         0  nvic.o ABSOLUTE
    Driver\RA8875.c                          0x00000000   Number         0  ra8875.o ABSOLUTE
    Driver\SystemClock.c                     0x00000000   Number         0  systemclock.o ABSOLUTE
    Driver\USART.c                           0x00000000   Number         0  usart.o ABSOLUTE
    Driver\delay.c                           0x00000000   Number         0  delay.o ABSOLUTE
    Driver\fsmc_nor.c                        0x00000000   Number         0  fsmc_nor.o ABSOLUTE
    Driver\sdio_sd.c                         0x00000000   Number         0  sdio_sd.o ABSOLUTE
    FATFS\src\diskio.c                       0x00000000   Number         0  diskio.o ABSOLUTE
    FATFS\src\ff.c                           0x00000000   Number         0  ff.o ABSOLUTE
    Libraries\CMSIS\CM3\CoreSupport\core_cm3.c 0x00000000   Number         0  core_cm3.o ABSOLUTE
    Libraries\CMSIS\CM3\DeviceSupport\ST\STM32F10x\startup\arm\startup_stm32f10x_hd.s 0x00000000   Number         0  startup_stm32f10x_hd.o ABSOLUTE
    Libraries\CMSIS\CM3\DeviceSupport\ST\STM32F10x\system_stm32f10x.c 0x00000000   Number         0  system_stm32f10x.o ABSOLUTE
    Libraries\STM32F10x_StdPeriph_Driver\src\misc.c 0x00000000   Number         0  misc.o ABSOLUTE
    Libraries\STM32F10x_StdPeriph_Driver\src\stm32f10x_crc.c 0x00000000   Number         0  stm32f10x_crc.o ABSOLUTE
    Libraries\STM32F10x_StdPeriph_Driver\src\stm32f10x_dbgmcu.c 0x00000000   Number         0  stm32f10x_dbgmcu.o ABSOLUTE
    Libraries\STM32F10x_StdPeriph_Driver\src\stm32f10x_dma.c 0x00000000   Number         0  stm32f10x_dma.o ABSOLUTE
    Libraries\STM32F10x_StdPeriph_Driver\src\stm32f10x_flash.c 0x00000000   Number         0  stm32f10x_flash.o ABSOLUTE
    Libraries\STM32F10x_StdPeriph_Driver\src\stm32f10x_fsmc.c 0x00000000   Number         0  stm32f10x_fsmc.o ABSOLUTE
    Libraries\STM32F10x_StdPeriph_Driver\src\stm32f10x_gpio.c 0x00000000   Number         0  stm32f10x_gpio.o ABSOLUTE
    Libraries\STM32F10x_StdPeriph_Driver\src\stm32f10x_rcc.c 0x00000000   Number         0  stm32f10x_rcc.o ABSOLUTE
    Libraries\STM32F10x_StdPeriph_Driver\src\stm32f10x_sdio.c 0x00000000   Number         0  stm32f10x_sdio.o ABSOLUTE
    Libraries\STM32F10x_StdPeriph_Driver\src\stm32f10x_usart.c 0x00000000   Number         0  stm32f10x_usart.o ABSOLUTE
    Libraries\\CMSIS\\CM3\\CoreSupport\\core_cm3.c 0x00000000   Number         0  core_cm3.o ABSOLUTE
    cdrcmple.s                               0x00000000   Number         0  cdrcmple.o ABSOLUTE
    dc.s                                     0x00000000   Number         0  dc.o ABSOLUTE
    handlers.s                               0x00000000   Number         0  handlers.o ABSOLUTE
    init.s                                   0x00000000   Number         0  init.o ABSOLUTE
    RESET                                    0x08000000   Section      304  startup_stm32f10x_hd.o(RESET)
    .ARM.Collect$$$$00000000                 0x08000130   Section        0  entry.o(.ARM.Collect$$$$00000000)
    .ARM.Collect$$$$00000001                 0x08000130   Section        4  entry2.o(.ARM.Collect$$$$00000001)
    .ARM.Collect$$$$00000004                 0x08000134   Section        4  entry5.o(.ARM.Collect$$$$00000004)
    .ARM.Collect$$$$00000008                 0x08000138   Section        0  entry7b.o(.ARM.Collect$$$$00000008)
    .ARM.Collect$$$$0000000A                 0x08000138   Section        0  entry8b.o(.ARM.Collect$$$$0000000A)
    .ARM.Collect$$$$0000000B                 0x08000138   Section        8  entry9a.o(.ARM.Collect$$$$0000000B)
    .ARM.Collect$$$$0000000D                 0x08000140   Section        0  entry10a.o(.ARM.Collect$$$$0000000D)
    .ARM.Collect$$$$0000000F                 0x08000140   Section        0  entry11a.o(.ARM.Collect$$$$0000000F)
    .ARM.Collect$$$$00002712                 0x08000140   Section        4  entry2.o(.ARM.Collect$$$$00002712)
    __lit__00000000                          0x08000140   Data           4  entry2.o(.ARM.Collect$$$$00002712)
    .emb_text                                0x08000144   Section       32  core_cm3.o(.emb_text)
    .text                                    0x08000164   Section       36  startup_stm32f10x_hd.o(.text)
    .text                                    0x08000188   Section        0  system_stm32f10x.o(.text)
    SetSysClockTo72                          0x08000189   Thumb Code   214  system_stm32f10x.o(.text)
    SetSysClock                              0x0800025f   Thumb Code     8  system_stm32f10x.o(.text)
    .text                                    0x08000368   Section        0  misc.o(.text)
    .text                                    0x08000444   Section        0  stm32f10x_flash.o(.text)
    .text                                    0x08000a00   Section        0  stm32f10x_gpio.o(.text)
    .text                                    0x08000d5c   Section        0  stm32f10x_rcc.o(.text)
    .text                                    0x08001100   Section        0  stm32f10x_usart.o(.text)
    .text                                    0x08001508   Section        0  stm32f10x_sdio.o(.text)
    .text                                    0x080016dc   Section        0  stm32f10x_dma.o(.text)
    .text                                    0x08001930   Section        0  stm32f10x_fsmc.o(.text)
    .text                                    0x08001f3c   Section        0  gpio.o(.text)
    .text                                    0x08002068   Section        0  delay.o(.text)
    .text                                    0x080020fc   Section        0  usart.o(.text)
    .text                                    0x08002374   Section        0  sdio_sd.o(.text)
    CmdResp1Error                            0x080023bf   Thumb Code   298  sdio_sd.o(.text)
    FindSCR                                  0x080024e9   Thumb Code   386  sdio_sd.o(.text)
    SDEnWideBus                              0x0800266b   Thumb Code   302  sdio_sd.o(.text)
    CmdResp2Error                            0x08002b3b   Thumb Code    98  sdio_sd.o(.text)
    CmdResp6Error                            0x08002b9d   Thumb Code   152  sdio_sd.o(.text)
    CmdResp3Error                            0x08002d5b   Thumb Code    52  sdio_sd.o(.text)
    CmdResp7Error                            0x08002d8f   Thumb Code    72  sdio_sd.o(.text)
    CmdError                                 0x08002dd7   Thumb Code    44  sdio_sd.o(.text)
    IsCardProgramming                        0x08003943   Thumb Code   396  sdio_sd.o(.text)
    .text                                    0x08003e98   Section        0  systemclock.o(.text)
    .text                                    0x08003f04   Section        0  fsmc_nor.o(.text)
    .text                                    0x08004268   Section        0  ra8875.o(.text)
    RA8875_WriteCmd                          0x0800435f   Thumb Code     8  ra8875.o(.text)
    RA8875_WriteData                         0x08004367   Thumb Code     8  ra8875.o(.text)
    RA8875_ReadStatus                        0x0800436f   Thumb Code    12  ra8875.o(.text)
    RA8875_ReadReg                           0x080043b3   Thumb Code    30  ra8875.o(.text)
    RA8875_readreg                           0x080043d1   Thumb Code    14  ra8875.o(.text)
    .text                                    0x08004a50   Section        0  diskio.o(.text)
    .text                                    0x08004bb8   Section        0  ff.o(.text)
    ld_word                                  0x08004bb9   Thumb Code    12  ff.o(.text)
    ld_dword                                 0x08004bc5   Thumb Code    24  ff.o(.text)
    st_word                                  0x08004bdd   Thumb Code    12  ff.o(.text)
    st_dword                                 0x08004be9   Thumb Code    24  ff.o(.text)
    mem_cpy                                  0x08004c01   Thumb Code    26  ff.o(.text)
    mem_set                                  0x08004c1b   Thumb Code    18  ff.o(.text)
    mem_cmp                                  0x08004c2d   Thumb Code    36  ff.o(.text)
    chk_chr                                  0x08004c51   Thumb Code    20  ff.o(.text)
    sync_window                              0x08004c65   Thumb Code    82  ff.o(.text)
    move_window                              0x08004cb7   Thumb Code    52  ff.o(.text)
    sync_fs                                  0x08004ceb   Thumb Code   134  ff.o(.text)
    clust2sect                               0x08004d71   Thumb Code    26  ff.o(.text)
    get_fat                                  0x08004d8b   Thumb Code   224  ff.o(.text)
    put_fat                                  0x08004e6b   Thumb Code   312  ff.o(.text)
    remove_chain                             0x08004fa3   Thumb Code   150  ff.o(.text)
    create_chain                             0x08005039   Thumb Code   232  ff.o(.text)
    dir_sdi                                  0x08005121   Thumb Code   154  ff.o(.text)
    dir_next                                 0x080051bb   Thumb Code   268  ff.o(.text)
    dir_alloc                                0x080052c7   Thumb Code    96  ff.o(.text)
    ld_clust                                 0x08005327   Thumb Code    38  ff.o(.text)
    st_clust                                 0x0800534d   Thumb Code    36  ff.o(.text)
    dir_read                                 0x08005371   Thumb Code   116  ff.o(.text)
    dir_find                                 0x080053e5   Thumb Code   106  ff.o(.text)
    dir_register                             0x0800544f   Thumb Code    58  ff.o(.text)
    dir_remove                               0x08005489   Thumb Code    32  ff.o(.text)
    get_fileinfo                             0x080054a9   Thumb Code   142  ff.o(.text)
    create_name                              0x08005537   Thumb Code   332  ff.o(.text)
    follow_path                              0x08005683   Thumb Code   162  ff.o(.text)
    get_ldnumber                             0x08005725   Thumb Code    72  ff.o(.text)
    check_fs                                 0x0800576d   Thumb Code    96  ff.o(.text)
    find_volume                              0x080057cd   Thumb Code   764  ff.o(.text)
    validate                                 0x08005ac9   Thumb Code    66  ff.o(.text)
    .text                                    0x08006870   Section        0  main.o(.text)
    .text                                    0x08006b70   Section        0  stm32f10x_it.o(.text)
    .text                                    0x08006c6c   Section        0  lcdprintf.o(.text)
    .text                                    0x08006d88   Section        0  uldiv.o(.text)
    .text                                    0x08006dea   Section        0  memcpya.o(.text)
    .text                                    0x08006e0e   Section        0  ddiv.o(.text)
    .text                                    0x08006eec   Section        0  dfltul.o(.text)
    .text                                    0x08006f04   Section        0  f2d.o(.text)
    .text                                    0x08006f2a   Section        0  d2f.o(.text)
    .text                                    0x08006f62   Section        0  uidiv.o(.text)
    .text                                    0x08006f8e   Section        0  llshl.o(.text)
    .text                                    0x08006fac   Section        0  llushr.o(.text)
    .text                                    0x08006fcc   Section        0  fepilogue.o(.text)
    .text                                    0x08006fcc   Section        0  iusefp.o(.text)
    .text                                    0x0800703a   Section        0  depilogue.o(.text)
    .text                                    0x080070f0   Section        0  dadd.o(.text)
    .text                                    0x0800723e   Section        0  dmul.o(.text)
    .text                                    0x08007322   Section        0  dfixul.o(.text)
    .text                                    0x08007354   Section       40  cdrcmple.o(.text)
    .text                                    0x0800737c   Section       36  init.o(.text)
    .text                                    0x080073a0   Section        0  llsshr.o(.text)
    i.__0printf                              0x080073c4   Section        0  printfa.o(i.__0printf)
    i.__0sprintf                             0x080073e4   Section        0  printfa.o(i.__0sprintf)
    i.__scatterload_copy                     0x0800740c   Section       14  handlers.o(i.__scatterload_copy)
    i.__scatterload_null                     0x0800741a   Section        2  handlers.o(i.__scatterload_null)
    i.__scatterload_zeroinit                 0x0800741c   Section       14  handlers.o(i.__scatterload_zeroinit)
    i._fp_digits                             0x0800742c   Section        0  printfa.o(i._fp_digits)
    _fp_digits                               0x0800742d   Thumb Code   334  printfa.o(i._fp_digits)
    i._printf_core                           0x08007590   Section        0  printfa.o(i._printf_core)
    _printf_core                             0x08007591   Thumb Code  1744  printfa.o(i._printf_core)
    i._printf_post_padding                   0x08007c6c   Section        0  printfa.o(i._printf_post_padding)
    _printf_post_padding                     0x08007c6d   Thumb Code    36  printfa.o(i._printf_post_padding)
    i._printf_pre_padding                    0x08007c90   Section        0  printfa.o(i._printf_pre_padding)
    _printf_pre_padding                      0x08007c91   Thumb Code    46  printfa.o(i._printf_pre_padding)
    i._sputc                                 0x08007cbe   Section        0  printfa.o(i._sputc)
    _sputc                                   0x08007cbf   Thumb Code    10  printfa.o(i._sputc)
    .conststring                             0x08007cc8   Section      430  usart.o(.conststring)
    .data                                    0x20000000   Section       20  system_stm32f10x.o(.data)
    .data                                    0x20000014   Section       20  stm32f10x_rcc.o(.data)
    APBAHBPrescTable                         0x20000014   Data          16  stm32f10x_rcc.o(.data)
    ADCPrescTable                            0x20000024   Data           4  stm32f10x_rcc.o(.data)
    .data                                    0x20000028   Section        4  delay.o(.data)
    sysclk                                   0x20000028   Data           1  delay.o(.data)
    fac_us                                   0x20000029   Data           1  delay.o(.data)
    fac_ms                                   0x2000002a   Data           2  delay.o(.data)
    .data                                    0x2000002c   Section        2  usart.o(.data)
    .data                                    0x20000030   Section       24  sdio_sd.o(.data)
    CardType                                 0x20000030   Data           4  sdio_sd.o(.data)
    RCA                                      0x20000034   Data           4  sdio_sd.o(.data)
    .data                                    0x20000048   Section       12  ra8875.o(.data)
    s_WinX                                   0x2000004c   Data           2  ra8875.o(.data)
    s_WinY                                   0x2000004e   Data           2  ra8875.o(.data)
    s_WinHeight                              0x20000050   Data           2  ra8875.o(.data)
    s_WinWidth                               0x20000052   Data           2  ra8875.o(.data)
    .data                                    0x20000054   Section        6  ff.o(.data)
    FatFs                                    0x20000054   Data           4  ff.o(.data)
    Fsid                                     0x20000058   Data           2  ff.o(.data)
    .data                                    0x2000005c   Section       16  main.o(.data)
    .data                                    0x2000006c   Section        1  lcdprintf.o(.data)
    curhead                                  0x2000006c   Data           1  lcdprintf.o(.data)
    .data                                    0x20000070   Section        4  stdout.o(.data)
    .bss                                     0x20000074   Section      128  usart.o(.bss)
    .bss                                     0x200000f8   Section      204  sdio_sd.o(.bss)
    CSD_Tab                                  0x200000f8   Data          16  sdio_sd.o(.bss)
    CID_Tab                                  0x20000108   Data          16  sdio_sd.o(.bss)
    SDSTATUS_Tab                             0x20000118   Data          16  sdio_sd.o(.bss)
    .bss                                     0x200001c4   Section     3220  main.o(.bss)
    .bss                                     0x20000e58   Section      480  lcdprintf.o(.bss)
    log_buf                                  0x20000e58   Data         480  lcdprintf.o(.bss)
    STACK                                    0x20001038   Section     1024  startup_stm32f10x_hd.o(STACK)

    Global Symbols

    Symbol Name                              Value     Ov Type        Size  Object(Section)

    BuildAttributes$$THM_ISAv4$P$D$K$B$S$PE$A:L22UL41UL21$X:L11$S22US41US21$IEEE1$IW$USESV6$~STKCKD$USESV7$~SHL$OTIME$ROPI$EBA8$MICROLIB$REQ8$PRES8$EABIv2 0x00000000   Number         0  anon$$obj.o ABSOLUTE
    __ARM_use_no_argv                        0x00000000   Number         0  main.o ABSOLUTE
    _printf_a                                0x00000000   Number         0  stubs.o ABSOLUTE
    _printf_c                                0x00000000   Number         0  stubs.o ABSOLUTE
    _printf_charcount                        0x00000000   Number         0  stubs.o ABSOLUTE
    _printf_d                                0x00000000   Number         0  stubs.o ABSOLUTE
    _printf_e                                0x00000000   Number         0  stubs.o ABSOLUTE
    _printf_f                                0x00000000   Number         0  stubs.o ABSOLUTE
    _printf_flags                            0x00000000   Number         0  stubs.o ABSOLUTE
    _printf_fp_dec                           0x00000000   Number         0  stubs.o ABSOLUTE
    _printf_fp_hex                           0x00000000   Number         0  stubs.o ABSOLUTE
    _printf_g                                0x00000000   Number         0  stubs.o ABSOLUTE
    _printf_i                                0x00000000   Number         0  stubs.o ABSOLUTE
    _printf_int_dec                          0x00000000   Number         0  stubs.o ABSOLUTE
    _printf_l                                0x00000000   Number         0  stubs.o ABSOLUTE
    _printf_lc                               0x00000000   Number         0  stubs.o ABSOLUTE
    _printf_ll                               0x00000000   Number         0  stubs.o ABSOLUTE
    _printf_lld                              0x00000000   Number         0  stubs.o ABSOLUTE
    _printf_lli                              0x00000000   Number         0  stubs.o ABSOLUTE
    _printf_llo                              0x00000000   Number         0  stubs.o ABSOLUTE
    _printf_llu                              0x00000000   Number         0  stubs.o ABSOLUTE
    _printf_llx                              0x00000000   Number         0  stubs.o ABSOLUTE
    _printf_longlong_dec                     0x00000000   Number         0  stubs.o ABSOLUTE
    _printf_longlong_hex                     0x00000000   Number         0  stubs.o ABSOLUTE
    _printf_longlong_oct                     0x00000000   Number         0  stubs.o ABSOLUTE
    _printf_ls                               0x00000000   Number         0  stubs.o ABSOLUTE
    _printf_mbtowc                           0x00000000   Number         0  stubs.o ABSOLUTE
    _printf_n                                0x00000000   Number         0  stubs.o ABSOLUTE
    _printf_o                                0x00000000   Number         0  stubs.o ABSOLUTE
    _printf_p                                0x00000000   Number         0  stubs.o ABSOLUTE
    _printf_percent                          0x00000000   Number         0  stubs.o ABSOLUTE
    _printf_pre_padding                      0x00000000   Number         0  stubs.o ABSOLUTE
    _printf_return_value                     0x00000000   Number         0  stubs.o ABSOLUTE
    _printf_s                                0x00000000   Number         0  stubs.o ABSOLUTE
    _printf_sizespec                         0x00000000   Number         0  stubs.o ABSOLUTE
    _printf_str                              0x00000000   Number         0  stubs.o ABSOLUTE
    _printf_truncate_signed                  0x00000000   Number         0  stubs.o ABSOLUTE
    _printf_truncate_unsigned                0x00000000   Number         0  stubs.o ABSOLUTE
    _printf_u                                0x00000000   Number         0  stubs.o ABSOLUTE
    _printf_wc                               0x00000000   Number         0  stubs.o ABSOLUTE
    _printf_wctomb                           0x00000000   Number         0  stubs.o ABSOLUTE
    _printf_widthprec                        0x00000000   Number         0  stubs.o ABSOLUTE
    _printf_x                                0x00000000   Number         0  stubs.o ABSOLUTE
    __cpp_initialize__aeabi_                  - Undefined Weak Reference
    __cxa_finalize                            - Undefined Weak Reference
    __decompress                              - Undefined Weak Reference
    _clock_init                               - Undefined Weak Reference
    _microlib_exit                            - Undefined Weak Reference
    __Vectors_Size                           0x00000130   Number         0  startup_stm32f10x_hd.o ABSOLUTE
    __Vectors                                0x08000000   Data           4  startup_stm32f10x_hd.o(RESET)
    __Vectors_End                            0x08000130   Data           0  startup_stm32f10x_hd.o(RESET)
    __main                                   0x08000131   Thumb Code     0  entry.o(.ARM.Collect$$$$00000000)
    _main_stk                                0x08000131   Thumb Code     0  entry2.o(.ARM.Collect$$$$00000001)
    _main_scatterload                        0x08000135   Thumb Code     0  entry5.o(.ARM.Collect$$$$00000004)
    __main_after_scatterload                 0x08000139   Thumb Code     0  entry5.o(.ARM.Collect$$$$00000004)
    _main_clock                              0x08000139   Thumb Code     0  entry7b.o(.ARM.Collect$$$$00000008)
    _main_cpp_init                           0x08000139   Thumb Code     0  entry8b.o(.ARM.Collect$$$$0000000A)
    _main_init                               0x08000139   Thumb Code     0  entry9a.o(.ARM.Collect$$$$0000000B)
    __rt_final_cpp                           0x08000141   Thumb Code     0  entry10a.o(.ARM.Collect$$$$0000000D)
    __rt_final_exit                          0x08000141   Thumb Code     0  entry11a.o(.ARM.Collect$$$$0000000F)
    __get_PSP                                0x08000145   Thumb Code     6  core_cm3.o(.emb_text)
    __set_PSP                                0x0800014b   Thumb Code     6  core_cm3.o(.emb_text)
    __get_MSP                                0x08000151   Thumb Code     6  core_cm3.o(.emb_text)
    __set_MSP                                0x08000157   Thumb Code     6  core_cm3.o(.emb_text)
    __REV16                                  0x0800015d   Thumb Code     4  core_cm3.o(.emb_text)
    __REVSH                                  0x08000161   Thumb Code     4  core_cm3.o(.emb_text)
    Reset_Handler                            0x08000165   Thumb Code     8  startup_stm32f10x_hd.o(.text)
    OS_CPU_PendSVHandler                     0x0800017b   Thumb Code     2  startup_stm32f10x_hd.o(.text)
    OS_CPU_SysTickHandler                    0x0800017d   Thumb Code     2  startup_stm32f10x_hd.o(.text)
    ADC1_2_IRQHandler                        0x0800017f   Thumb Code     0  startup_stm32f10x_hd.o(.text)
    ADC3_IRQHandler                          0x0800017f   Thumb Code     0  startup_stm32f10x_hd.o(.text)
    CAN1_RX1_IRQHandler                      0x0800017f   Thumb Code     0  startup_stm32f10x_hd.o(.text)
    CAN1_SCE_IRQHandler                      0x0800017f   Thumb Code     0  startup_stm32f10x_hd.o(.text)
    DMA1_Channel1_IRQHandler                 0x0800017f   Thumb Code     0  startup_stm32f10x_hd.o(.text)
    DMA1_Channel2_IRQHandler                 0x0800017f   Thumb Code     0  startup_stm32f10x_hd.o(.text)
    DMA1_Channel3_IRQHandler                 0x0800017f   Thumb Code     0  startup_stm32f10x_hd.o(.text)
    DMA1_Channel4_IRQHandler                 0x0800017f   Thumb Code     0  startup_stm32f10x_hd.o(.text)
    DMA1_Channel5_IRQHandler                 0x0800017f   Thumb Code     0  startup_stm32f10x_hd.o(.text)
    DMA1_Channel6_IRQHandler                 0x0800017f   Thumb Code     0  startup_stm32f10x_hd.o(.text)
    DMA1_Channel7_IRQHandler                 0x0800017f   Thumb Code     0  startup_stm32f10x_hd.o(.text)
    DMA2_Channel1_IRQHandler                 0x0800017f   Thumb Code     0  startup_stm32f10x_hd.o(.text)
    DMA2_Channel2_IRQHandler                 0x0800017f   Thumb Code     0  startup_stm32f10x_hd.o(.text)
    DMA2_Channel3_IRQHandler                 0x0800017f   Thumb Code     0  startup_stm32f10x_hd.o(.text)
    EXTI0_IRQHandler                         0x0800017f   Thumb Code     0  startup_stm32f10x_hd.o(.text)
    EXTI15_10_IRQHandler                     0x0800017f   Thumb Code     0  startup_stm32f10x_hd.o(.text)
    EXTI1_IRQHandler                         0x0800017f   Thumb Code     0  startup_stm32f10x_hd.o(.text)
    EXTI2_IRQHandler                         0x0800017f   Thumb Code     0  startup_stm32f10x_hd.o(.text)
    EXTI3_IRQHandler                         0x0800017f   Thumb Code     0  startup_stm32f10x_hd.o(.text)
    EXTI4_IRQHandler                         0x0800017f   Thumb Code     0  startup_stm32f10x_hd.o(.text)
    EXTI9_5_IRQHandler                       0x0800017f   Thumb Code     0  startup_stm32f10x_hd.o(.text)
    FLASH_IRQHandler                         0x0800017f   Thumb Code     0  startup_stm32f10x_hd.o(.text)
    FSMC_IRQHandler                          0x0800017f   Thumb Code     0  startup_stm32f10x_hd.o(.text)
    I2C1_ER_IRQHandler                       0x0800017f   Thumb Code     0  startup_stm32f10x_hd.o(.text)
    I2C1_EV_IRQHandler                       0x0800017f   Thumb Code     0  startup_stm32f10x_hd.o(.text)
    I2C2_ER_IRQHandler                       0x0800017f   Thumb Code     0  startup_stm32f10x_hd.o(.text)
    I2C2_EV_IRQHandler                       0x0800017f   Thumb Code     0  startup_stm32f10x_hd.o(.text)
    PVD_IRQHandler                           0x0800017f   Thumb Code     0  startup_stm32f10x_hd.o(.text)
    RCC_IRQHandler                           0x0800017f   Thumb Code     0  startup_stm32f10x_hd.o(.text)
    RTCAlarm_IRQHandler                      0x0800017f   Thumb Code     0  startup_stm32f10x_hd.o(.text)
    RTC_IRQHandler                           0x0800017f   Thumb Code     0  startup_stm32f10x_hd.o(.text)
    SPI1_IRQHandler                          0x0800017f   Thumb Code     0  startup_stm32f10x_hd.o(.text)
    SPI2_IRQHandler                          0x0800017f   Thumb Code     0  startup_stm32f10x_hd.o(.text)
    SPI3_IRQHandler                          0x0800017f   Thumb Code     0  startup_stm32f10x_hd.o(.text)
    TAMPER_IRQHandler                        0x0800017f   Thumb Code     0  startup_stm32f10x_hd.o(.text)
    TIM1_BRK_IRQHandler                      0x0800017f   Thumb Code     0  startup_stm32f10x_hd.o(.text)
    TIM1_CC_IRQHandler                       0x0800017f   Thumb Code     0  startup_stm32f10x_hd.o(.text)
    TIM1_TRG_COM_IRQHandler                  0x0800017f   Thumb Code     0  startup_stm32f10x_hd.o(.text)
    TIM1_UP_IRQHandler                       0x0800017f   Thumb Code     0  startup_stm32f10x_hd.o(.text)
    TIM2_IRQHandler                          0x0800017f   Thumb Code     0  startup_stm32f10x_hd.o(.text)
    TIM3_IRQHandler                          0x0800017f   Thumb Code     0  startup_stm32f10x_hd.o(.text)
    TIM4_IRQHandler                          0x0800017f   Thumb Code     0  startup_stm32f10x_hd.o(.text)
    TIM5_IRQHandler                          0x0800017f   Thumb Code     0  startup_stm32f10x_hd.o(.text)
    TIM6_IRQHandler                          0x0800017f   Thumb Code     0  startup_stm32f10x_hd.o(.text)
    TIM7_IRQHandler                          0x0800017f   Thumb Code     0  startup_stm32f10x_hd.o(.text)
    TIM8_BRK_IRQHandler                      0x0800017f   Thumb Code     0  startup_stm32f10x_hd.o(.text)
    TIM8_CC_IRQHandler                       0x0800017f   Thumb Code     0  startup_stm32f10x_hd.o(.text)
    TIM8_TRG_COM_IRQHandler                  0x0800017f   Thumb Code     0  startup_stm32f10x_hd.o(.text)
    TIM8_UP_IRQHandler                       0x0800017f   Thumb Code     0  startup_stm32f10x_hd.o(.text)
    UART4_IRQHandler                         0x0800017f   Thumb Code     0  startup_stm32f10x_hd.o(.text)
    UART5_IRQHandler                         0x0800017f   Thumb Code     0  startup_stm32f10x_hd.o(.text)
    USART3_IRQHandler                        0x0800017f   Thumb Code     0  startup_stm32f10x_hd.o(.text)
    USBWakeUp_IRQHandler                     0x0800017f   Thumb Code     0  startup_stm32f10x_hd.o(.text)
    USB_HP_CAN1_TX_IRQHandler                0x0800017f   Thumb Code     0  startup_stm32f10x_hd.o(.text)
    USB_LP_CAN1_RX0_IRQHandler               0x0800017f   Thumb Code     0  startup_stm32f10x_hd.o(.text)
    WWDG_IRQHandler                          0x0800017f   Thumb Code     0  startup_stm32f10x_hd.o(.text)
    SystemInit                               0x08000267   Thumb Code    78  system_stm32f10x.o(.text)
    SystemCoreClockUpdate                    0x080002b5   Thumb Code   142  system_stm32f10x.o(.text)
    NVIC_PriorityGroupConfig                 0x08000369   Thumb Code    10  misc.o(.text)
    NVIC_Init                                0x08000373   Thumb Code   100  misc.o(.text)
    NVIC_SetVectorTable                      0x080003d7   Thumb Code    14  misc.o(.text)
    NVIC_SystemLPConfig                      0x080003e5   Thumb Code    34  misc.o(.text)
    SysTick_CLKSourceConfig                  0x08000407   Thumb Code    40  misc.o(.text)
    FLASH_SetLatency                         0x08000445   Thumb Code    18  stm32f10x_flash.o(.text)
    FLASH_HalfCycleAccessCmd                 0x08000457   Thumb Code    22  stm32f10x_flash.o(.text)
    FLASH_PrefetchBufferCmd                  0x0800046d   Thumb Code    22  stm32f10x_flash.o(.text)
    FLASH_Unlock                             0x08000483   Thumb Code    12  stm32f10x_flash.o(.text)
    FLASH_UnlockBank1                        0x0800048f   Thumb Code    12  stm32f10x_flash.o(.text)
    FLASH_Lock                               0x0800049b   Thumb Code    14  stm32f10x_flash.o(.text)
    FLASH_LockBank1                          0x080004a9   Thumb Code    14  stm32f10x_flash.o(.text)
    FLASH_GetBank1Status                     0x080004b7   Thumb Code    48  stm32f10x_flash.o(.text)
    FLASH_WaitForLastOperation               0x080004e7   Thumb Code    38  stm32f10x_flash.o(.text)
    FLASH_ErasePage                          0x0800050d   Thumb Code    72  stm32f10x_flash.o(.text)
    FLASH_EraseAllPages                      0x08000555   Thumb Code    68  stm32f10x_flash.o(.text)
    FLASH_WaitForLastBank1Operation          0x08000599   Thumb Code    38  stm32f10x_flash.o(.text)
    FLASH_EraseAllBank1Pages                 0x080005bf   Thumb Code    68  stm32f10x_flash.o(.text)
    FLASH_GetReadOutProtectionStatus         0x08000603   Thumb Code    20  stm32f10x_flash.o(.text)
    FLASH_EraseOptionBytes                   0x08000617   Thumb Code   150  stm32f10x_flash.o(.text)
    FLASH_ProgramWord                        0x080006ad   Thumb Code   102  stm32f10x_flash.o(.text)
    FLASH_ProgramHalfWord                    0x08000713   Thumb Code    60  stm32f10x_flash.o(.text)
    FLASH_ProgramOptionByteData              0x0800074f   Thumb Code    72  stm32f10x_flash.o(.text)
    FLASH_EnableWriteProtection              0x08000797   Thumb Code   200  stm32f10x_flash.o(.text)
    FLASH_ReadOutProtection                  0x0800085f   Thumb Code   156  stm32f10x_flash.o(.text)
    FLASH_UserOptionByteConfig               0x080008fb   Thumb Code    88  stm32f10x_flash.o(.text)
    FLASH_GetUserOptionByte                  0x08000953   Thumb Code     8  stm32f10x_flash.o(.text)
    FLASH_GetWriteProtectionOptionByte       0x0800095b   Thumb Code     6  stm32f10x_flash.o(.text)
    FLASH_GetPrefetchBufferStatus            0x08000961   Thumb Code    20  stm32f10x_flash.o(.text)
    FLASH_ITConfig                           0x08000975   Thumb Code    26  stm32f10x_flash.o(.text)
    FLASH_GetFlagStatus                      0x0800098f   Thumb Code    42  stm32f10x_flash.o(.text)
    FLASH_ClearFlag                          0x080009b9   Thumb Code     6  stm32f10x_flash.o(.text)
    FLASH_GetStatus                          0x080009bf   Thumb Code    48  stm32f10x_flash.o(.text)
    GPIO_DeInit                              0x08000a01   Thumb Code   172  stm32f10x_gpio.o(.text)
    GPIO_AFIODeInit                          0x08000aad   Thumb Code    20  stm32f10x_gpio.o(.text)
    GPIO_Init                                0x08000ac1   Thumb Code   278  stm32f10x_gpio.o(.text)
    GPIO_StructInit                          0x08000bd7   Thumb Code    16  stm32f10x_gpio.o(.text)
    GPIO_ReadInputDataBit                    0x08000be7   Thumb Code    18  stm32f10x_gpio.o(.text)
    GPIO_ReadInputData                       0x08000bf9   Thumb Code     8  stm32f10x_gpio.o(.text)
    GPIO_ReadOutputDataBit                   0x08000c01   Thumb Code    18  stm32f10x_gpio.o(.text)
    GPIO_ReadOutputData                      0x08000c13   Thumb Code     8  stm32f10x_gpio.o(.text)
    GPIO_SetBits                             0x08000c1b   Thumb Code     4  stm32f10x_gpio.o(.text)
    GPIO_ResetBits                           0x08000c1f   Thumb Code     4  stm32f10x_gpio.o(.text)
    GPIO_WriteBit                            0x08000c23   Thumb Code    10  stm32f10x_gpio.o(.text)
    GPIO_Write                               0x08000c2d   Thumb Code     4  stm32f10x_gpio.o(.text)
    GPIO_PinLockConfig                       0x08000c31   Thumb Code    18  stm32f10x_gpio.o(.text)
    GPIO_EventOutputConfig                   0x08000c43   Thumb Code    26  stm32f10x_gpio.o(.text)
    GPIO_EventOutputCmd                      0x08000c5d   Thumb Code     6  stm32f10x_gpio.o(.text)
    GPIO_PinRemapConfig                      0x08000c63   Thumb Code   138  stm32f10x_gpio.o(.text)
    GPIO_EXTILineConfig                      0x08000ced   Thumb Code    66  stm32f10x_gpio.o(.text)
    GPIO_ETH_MediaInterfaceConfig            0x08000d2f   Thumb Code     8  stm32f10x_gpio.o(.text)
    RCC_DeInit                               0x08000d5d   Thumb Code    64  stm32f10x_rcc.o(.text)
    RCC_HSEConfig                            0x08000d9d   Thumb Code    70  stm32f10x_rcc.o(.text)
    RCC_GetFlagStatus                        0x08000de3   Thumb Code    56  stm32f10x_rcc.o(.text)
    RCC_WaitForHSEStartUp                    0x08000e1b   Thumb Code    56  stm32f10x_rcc.o(.text)
    RCC_AdjustHSICalibrationValue            0x08000e53   Thumb Code    20  stm32f10x_rcc.o(.text)
    RCC_HSICmd                               0x08000e67   Thumb Code     6  stm32f10x_rcc.o(.text)
    RCC_PLLConfig                            0x08000e6d   Thumb Code    24  stm32f10x_rcc.o(.text)
    RCC_PLLCmd                               0x08000e85   Thumb Code     6  stm32f10x_rcc.o(.text)
    RCC_SYSCLKConfig                         0x08000e8b   Thumb Code    18  stm32f10x_rcc.o(.text)
    RCC_GetSYSCLKSource                      0x08000e9d   Thumb Code    10  stm32f10x_rcc.o(.text)
    RCC_HCLKConfig                           0x08000ea7   Thumb Code    18  stm32f10x_rcc.o(.text)
    RCC_PCLK1Config                          0x08000eb9   Thumb Code    18  stm32f10x_rcc.o(.text)
    RCC_PCLK2Config                          0x08000ecb   Thumb Code    20  stm32f10x_rcc.o(.text)
    RCC_ITConfig                             0x08000edf   Thumb Code    26  stm32f10x_rcc.o(.text)
    RCC_USBCLKConfig                         0x08000ef9   Thumb Code     8  stm32f10x_rcc.o(.text)
    RCC_ADCCLKConfig                         0x08000f01   Thumb Code    18  stm32f10x_rcc.o(.text)
    RCC_LSEConfig                            0x08000f13   Thumb Code    50  stm32f10x_rcc.o(.text)
    RCC_LSICmd                               0x08000f45   Thumb Code     6  stm32f10x_rcc.o(.text)
    RCC_RTCCLKConfig                         0x08000f4b   Thumb Code    12  stm32f10x_rcc.o(.text)
    RCC_RTCCLKCmd                            0x08000f57   Thumb Code     8  stm32f10x_rcc.o(.text)
    RCC_GetClocksFreq                        0x08000f5f   Thumb Code   192  stm32f10x_rcc.o(.text)
    RCC_AHBPeriphClockCmd                    0x0800101f   Thumb Code    26  stm32f10x_rcc.o(.text)
    RCC_APB2PeriphClockCmd                   0x08001039   Thumb Code    26  stm32f10x_rcc.o(.text)
    RCC_APB1PeriphClockCmd                   0x08001053   Thumb Code    26  stm32f10x_rcc.o(.text)
    RCC_APB2PeriphResetCmd                   0x0800106d   Thumb Code    26  stm32f10x_rcc.o(.text)
    RCC_APB1PeriphResetCmd                   0x08001087   Thumb Code    26  stm32f10x_rcc.o(.text)
    RCC_BackupResetCmd                       0x080010a1   Thumb Code     8  stm32f10x_rcc.o(.text)
    RCC_ClockSecuritySystemCmd               0x080010a9   Thumb Code     6  stm32f10x_rcc.o(.text)
    RCC_MCOConfig                            0x080010af   Thumb Code     6  stm32f10x_rcc.o(.text)
    RCC_ClearFlag                            0x080010b5   Thumb Code    14  stm32f10x_rcc.o(.text)
    RCC_GetITStatus                          0x080010c3   Thumb Code    20  stm32f10x_rcc.o(.text)
    RCC_ClearITPendingBit                    0x080010d7   Thumb Code     6  stm32f10x_rcc.o(.text)
    USART_DeInit                             0x08001101   Thumb Code   134  stm32f10x_usart.o(.text)
    USART_Init                               0x08001187   Thumb Code   210  stm32f10x_usart.o(.text)
    USART_StructInit                         0x08001259   Thumb Code    24  stm32f10x_usart.o(.text)
    USART_ClockInit                          0x08001271   Thumb Code    34  stm32f10x_usart.o(.text)
    USART_ClockStructInit                    0x08001293   Thumb Code    12  stm32f10x_usart.o(.text)
    USART_Cmd                                0x0800129f   Thumb Code    24  stm32f10x_usart.o(.text)
    USART_ITConfig                           0x080012b7   Thumb Code    74  stm32f10x_usart.o(.text)
    USART_DMACmd                             0x08001301   Thumb Code    18  stm32f10x_usart.o(.text)
    USART_SetAddress                         0x08001313   Thumb Code    18  stm32f10x_usart.o(.text)
    USART_WakeUpConfig                       0x08001325   Thumb Code    18  stm32f10x_usart.o(.text)
    USART_ReceiverWakeUpCmd                  0x08001337   Thumb Code    24  stm32f10x_usart.o(.text)
    USART_LINBreakDetectLengthConfig         0x0800134f   Thumb Code    18  stm32f10x_usart.o(.text)
    USART_LINCmd                             0x08001361   Thumb Code    24  stm32f10x_usart.o(.text)
    USART_SendData                           0x08001379   Thumb Code     8  stm32f10x_usart.o(.text)
    USART_ReceiveData                        0x08001381   Thumb Code    10  stm32f10x_usart.o(.text)
    USART_SendBreak                          0x0800138b   Thumb Code    10  stm32f10x_usart.o(.text)
    USART_SetGuardTime                       0x08001395   Thumb Code    16  stm32f10x_usart.o(.text)
    USART_SetPrescaler                       0x080013a5   Thumb Code    16  stm32f10x_usart.o(.text)
    USART_SmartCardCmd                       0x080013b5   Thumb Code    24  stm32f10x_usart.o(.text)
    USART_SmartCardNACKCmd                   0x080013cd   Thumb Code    24  stm32f10x_usart.o(.text)
    USART_HalfDuplexCmd                      0x080013e5   Thumb Code    24  stm32f10x_usart.o(.text)
    USART_OverSampling8Cmd                   0x080013fd   Thumb Code    22  stm32f10x_usart.o(.text)
    USART_OneBitMethodCmd                    0x08001413   Thumb Code    24  stm32f10x_usart.o(.text)
    USART_IrDAConfig                         0x0800142b   Thumb Code    18  stm32f10x_usart.o(.text)
    USART_IrDACmd                            0x0800143d   Thumb Code    24  stm32f10x_usart.o(.text)
    USART_GetFlagStatus                      0x08001455   Thumb Code    26  stm32f10x_usart.o(.text)
    USART_ClearFlag                          0x0800146f   Thumb Code    18  stm32f10x_usart.o(.text)
    USART_GetITStatus                        0x08001481   Thumb Code    84  stm32f10x_usart.o(.text)
    USART_ClearITPendingBit                  0x080014d5   Thumb Code    52  stm32f10x_usart.o(.text)
    SDIO_DeInit                              0x08001509   Thumb Code    28  stm32f10x_sdio.o(.text)
    SDIO_Init                                0x08001525   Thumb Code    42  stm32f10x_sdio.o(.text)
    SDIO_StructInit                          0x0800154f   Thumb Code    16  stm32f10x_sdio.o(.text)
    SDIO_ClockCmd                            0x0800155f   Thumb Code     6  stm32f10x_sdio.o(.text)
    SDIO_SetPowerState                       0x08001565   Thumb Code    22  stm32f10x_sdio.o(.text)
    SDIO_GetPowerState                       0x0800157b   Thumb Code    10  stm32f10x_sdio.o(.text)
    SDIO_ITConfig                            0x08001585   Thumb Code    26  stm32f10x_sdio.o(.text)
    SDIO_DMACmd                              0x0800159f   Thumb Code     6  stm32f10x_sdio.o(.text)
    SDIO_SendCommand                         0x080015a5   Thumb Code    38  stm32f10x_sdio.o(.text)
    SDIO_CmdStructInit                       0x080015cb   Thumb Code    14  stm32f10x_sdio.o(.text)
    SDIO_GetCommandResponse                  0x080015d9   Thumb Code     8  stm32f10x_sdio.o(.text)
    SDIO_GetResponse                         0x080015e1   Thumb Code    22  stm32f10x_sdio.o(.text)
    SDIO_DataConfig                          0x080015f7   Thumb Code    42  stm32f10x_sdio.o(.text)
    SDIO_DataStructInit                      0x08001621   Thumb Code    20  stm32f10x_sdio.o(.text)
    SDIO_GetDataCounter                      0x08001635   Thumb Code     6  stm32f10x_sdio.o(.text)
    SDIO_ReadData                            0x0800163b   Thumb Code     8  stm32f10x_sdio.o(.text)
    SDIO_WriteData                           0x08001643   Thumb Code     8  stm32f10x_sdio.o(.text)
    SDIO_GetFIFOCount                        0x0800164b   Thumb Code     6  stm32f10x_sdio.o(.text)
    SDIO_StartSDIOReadWait                   0x08001651   Thumb Code     8  stm32f10x_sdio.o(.text)
    SDIO_StopSDIOReadWait                    0x08001659   Thumb Code     8  stm32f10x_sdio.o(.text)
    SDIO_SetSDIOReadWaitMode                 0x08001661   Thumb Code     8  stm32f10x_sdio.o(.text)
    SDIO_SetSDIOOperation                    0x08001669   Thumb Code     8  stm32f10x_sdio.o(.text)
    SDIO_SendSDIOSuspendCmd                  0x08001671   Thumb Code     6  stm32f10x_sdio.o(.text)
    SDIO_CommandCompletionCmd                0x08001677   Thumb Code     8  stm32f10x_sdio.o(.text)
    SDIO_CEATAITCmd                          0x0800167f   Thumb Code    12  stm32f10x_sdio.o(.text)
    SDIO_SendCEATACmd                        0x0800168b   Thumb Code     8  stm32f10x_sdio.o(.text)
    SDIO_GetFlagStatus                       0x08001693   Thumb Code    20  stm32f10x_sdio.o(.text)
    SDIO_ClearFlag                           0x080016a7   Thumb Code     6  stm32f10x_sdio.o(.text)
    SDIO_GetITStatus                         0x080016ad   Thumb Code    20  stm32f10x_sdio.o(.text)
    SDIO_ClearITPendingBit                   0x080016c1   Thumb Code     6  stm32f10x_sdio.o(.text)
    DMA_DeInit                               0x080016dd   Thumb Code   324  stm32f10x_dma.o(.text)
    DMA_Init                                 0x08001821   Thumb Code    60  stm32f10x_dma.o(.text)
    DMA_StructInit                           0x0800185d   Thumb Code    26  stm32f10x_dma.o(.text)
    DMA_Cmd                                  0x08001877   Thumb Code    24  stm32f10x_dma.o(.text)
    DMA_ITConfig                             0x0800188f   Thumb Code    18  stm32f10x_dma.o(.text)
    DMA_SetCurrDataCounter                   0x080018a1   Thumb Code     4  stm32f10x_dma.o(.text)
    DMA_GetCurrDataCounter                   0x080018a5   Thumb Code     8  stm32f10x_dma.o(.text)
    DMA_GetFlagStatus                        0x080018ad   Thumb Code    40  stm32f10x_dma.o(.text)
    DMA_ClearFlag                            0x080018d5   Thumb Code    22  stm32f10x_dma.o(.text)
    DMA_GetITStatus                          0x080018eb   Thumb Code    40  stm32f10x_dma.o(.text)
    DMA_ClearITPendingBit                    0x08001913   Thumb Code    22  stm32f10x_dma.o(.text)
    FSMC_NORSRAMDeInit                       0x08001931   Thumb Code    54  stm32f10x_fsmc.o(.text)
    FSMC_NANDDeInit                          0x08001967   Thumb Code    62  stm32f10x_fsmc.o(.text)
    FSMC_PCCARDDeInit                        0x080019a5   Thumb Code    36  stm32f10x_fsmc.o(.text)
    FSMC_NORSRAMInit                         0x080019c9   Thumb Code   230  stm32f10x_fsmc.o(.text)
    FSMC_NANDInit                            0x08001aaf   Thumb Code   132  stm32f10x_fsmc.o(.text)
    FSMC_PCCARDInit                          0x08001b33   Thumb Code   130  stm32f10x_fsmc.o(.text)
    FSMC_NORSRAMStructInit                   0x08001bb5   Thumb Code   114  stm32f10x_fsmc.o(.text)
    FSMC_NANDStructInit                      0x08001c27   Thumb Code    54  stm32f10x_fsmc.o(.text)
    FSMC_PCCARDStructInit                    0x08001c5d   Thumb Code    60  stm32f10x_fsmc.o(.text)
    FSMC_NORSRAMCmd                          0x08001c99   Thumb Code    46  stm32f10x_fsmc.o(.text)
    FSMC_NANDCmd                             0x08001cc7   Thumb Code    86  stm32f10x_fsmc.o(.text)
    FSMC_PCCARDCmd                           0x08001d1d   Thumb Code    44  stm32f10x_fsmc.o(.text)
    FSMC_NANDECCCmd                          0x08001d49   Thumb Code    90  stm32f10x_fsmc.o(.text)
    FSMC_GetECC                              0x08001da3   Thumb Code    24  stm32f10x_fsmc.o(.text)
    FSMC_ITConfig                            0x08001dbb   Thumb Code   128  stm32f10x_fsmc.o(.text)
    FSMC_GetFlagStatus                       0x08001e3b   Thumb Code    54  stm32f10x_fsmc.o(.text)
    FSMC_ClearFlag                           0x08001e71   Thumb Code    62  stm32f10x_fsmc.o(.text)
    FSMC_GetITStatus                         0x08001eaf   Thumb Code    64  stm32f10x_fsmc.o(.text)
    FSMC_ClearITPendingBit                   0x08001eef   Thumb Code    68  stm32f10x_fsmc.o(.text)
    LED_Init                                 0x08001f3d   Thumb Code    50  gpio.o(.text)
    LED_Toggle                               0x08001f6f   Thumb Code   108  gpio.o(.text)
    BEEP_Init                                0x08001fdb   Thumb Code    46  gpio.o(.text)
    Key_Init                                 0x08002009   Thumb Code    76  gpio.o(.text)
    Delay_Init                               0x08002069   Thumb Code    52  delay.o(.text)
    Delay_ms                                 0x0800209d   Thumb Code    56  delay.o(.text)
    Delay                                    0x080020d5   Thumb Code    28  delay.o(.text)
    USART1_Init                              0x080020fd   Thumb Code   162  usart.o(.text)
    USART1_SendByte                          0x0800219f   Thumb Code    26  usart.o(.text)
    USART1_SendString                        0x080021b9   Thumb Code    56  usart.o(.text)
    USART2_Init                              0x080021f1   Thumb Code   158  usart.o(.text)
    USART2_SendByte                          0x0800228f   Thumb Code    26  usart.o(.text)
    USART2_SendString                        0x080022a9   Thumb Code    38  usart.o(.text)
    SendMessage                              0x080022cf   Thumb Code    38  usart.o(.text)
    fputc                                    0x080022f5   Thumb Code    32  usart.o(.text)
    SD_LowLevel_DeInit                       0x08002375   Thumb Code    66  sdio_sd.o(.text)
    SD_DeInit                                0x080023b7   Thumb Code     8  sdio_sd.o(.text)
    SD_EnableWideBusOperation                0x08002799   Thumb Code   140  sdio_sd.o(.text)
    SD_SelectDeselect                        0x08002825   Thumb Code    48  sdio_sd.o(.text)
    SD_GetCardInfo                           0x08002855   Thumb Code   742  sdio_sd.o(.text)
    SD_InitializeCards                       0x08002c35   Thumb Code   294  sdio_sd.o(.text)
    SD_PowerON                               0x08002e03   Thumb Code   434  sdio_sd.o(.text)
    SD_LowLevel_Init                         0x08002fb5   Thumb Code    90  sdio_sd.o(.text)
    SD_Init                                  0x0800300f   Thumb Code   142  sdio_sd.o(.text)
    SD_SendStatus                            0x0800309d   Thumb Code    74  sdio_sd.o(.text)
    SD_Detect                                0x080030e7   Thumb Code    26  sdio_sd.o(.text)
    SD_GetState                              0x08003101   Thumb Code    38  sdio_sd.o(.text)
    SD_GetStatus                             0x08003127   Thumb Code    30  sdio_sd.o(.text)
    SD_PowerOFF                              0x08003145   Thumb Code    14  sdio_sd.o(.text)
    SD_SendSDStatus                          0x08003153   Thumb Code   368  sdio_sd.o(.text)
    SD_GetCardStatus                         0x080032c3   Thumb Code   156  sdio_sd.o(.text)
    SD_LowLevel_DMA_RxConfig                 0x0800335f   Thumb Code   146  sdio_sd.o(.text)
    SD_ReadBlock                             0x080033f1   Thumb Code   210  sdio_sd.o(.text)
    SD_ReadMultiBlocks                       0x080034c3   Thumb Code   220  sdio_sd.o(.text)
    SD_StopTransfer                          0x0800359f   Thumb Code    46  sdio_sd.o(.text)
    SD_WaitReadOperation                     0x080035cd   Thumb Code   102  sdio_sd.o(.text)
    SD_LowLevel_DMA_TxConfig                 0x08003633   Thumb Code    98  sdio_sd.o(.text)
    SD_WriteBlock                            0x08003695   Thumb Code   208  sdio_sd.o(.text)
    SD_WriteMultiBlocks                      0x08003765   Thumb Code   358  sdio_sd.o(.text)
    SD_WaitWriteOperation                    0x080038cb   Thumb Code   102  sdio_sd.o(.text)
    SD_GetTransferState                      0x08003931   Thumb Code    18  sdio_sd.o(.text)
    SD_Erase                                 0x08003acf   Thumb Code   298  sdio_sd.o(.text)
    SD_ProcessIRQSrc                         0x08003bf9   Thumb Code   212  sdio_sd.o(.text)
    SD_ProcessDMAIRQ                         0x08003ccd   Thumb Code    26  sdio_sd.o(.text)
    convert_from_bytes_to_power_of_two       0x08003ce7   Thumb Code    18  sdio_sd.o(.text)
    SD_DMAEndOfTransferStatus                0x08003cf9   Thumb Code    10  sdio_sd.o(.text)
    SDIO_IRQnSet                             0x08003d03   Thumb Code    68  sdio_sd.o(.text)
    SD_Info                                  0x08003d47   Thumb Code   194  sdio_sd.o(.text)
    RCC_Configuration                        0x08003e99   Thumb Code   106  systemclock.o(.text)
    FSMC_NOR_Init                            0x08003f05   Thumb Code   248  fsmc_nor.o(.text)
    FSMC_NOR_ReadID                          0x08003ffd   Thumb Code    52  fsmc_nor.o(.text)
    FSMC_NOR_GetStatus                       0x08004031   Thumb Code   150  fsmc_nor.o(.text)
    FSMC_NOR_EraseBlock                      0x080040c7   Thumb Code    50  fsmc_nor.o(.text)
    FSMC_NOR_EraseChip                       0x080040f9   Thumb Code    46  fsmc_nor.o(.text)
    FSMC_NOR_WriteHalfWord                   0x08004127   Thumb Code    40  fsmc_nor.o(.text)
    FSMC_NOR_WriteBuffer                     0x0800414f   Thumb Code    42  fsmc_nor.o(.text)
    FSMC_NOR_ProgramBuffer                   0x08004179   Thumb Code   108  fsmc_nor.o(.text)
    FSMC_NOR_ReadHalfWord                    0x080041e5   Thumb Code    26  fsmc_nor.o(.text)
    FSMC_NOR_ReadBuffer                      0x080041ff   Thumb Code    44  fsmc_nor.o(.text)
    FSMC_NOR_ReturnToReadMode                0x0800422b   Thumb Code    12  fsmc_nor.o(.text)
    FSMC_NOR_Reset                           0x08004237   Thumb Code    24  fsmc_nor.o(.text)
    LCD_Configuration                        0x08004269   Thumb Code   124  ra8875.o(.text)
    LCD_FSMCConfiguration                    0x080042e5   Thumb Code    88  ra8875.o(.text)
    delay                                    0x0800433d   Thumb Code    34  ra8875.o(.text)
    RA8875_WaitBusy                          0x0800437b   Thumb Code    34  ra8875.o(.text)
    RA8875_WriteReg                          0x0800439d   Thumb Code    22  ra8875.o(.text)
    RA8875_OpenWindow                        0x080043df   Thumb Code    76  ra8875.o(.text)
    RA8875_Init                              0x0800442b   Thumb Code   254  ra8875.o(.text)
    RA8875_Clear                             0x08004529   Thumb Code    32  ra8875.o(.text)
    Set_TextCursor                           0x08004549   Thumb Code    88  ra8875.o(.text)
    Set_GraphicsCursor                       0x080045a1   Thumb Code    76  ra8875.o(.text)
    LCD_DrawPoint1                           0x080045ed   Thumb Code    30  ra8875.o(.text)
    LCD_DrawPoint                            0x0800460b   Thumb Code    30  ra8875.o(.text)
    LCD_GetPoint                             0x08004629   Thumb Code   120  ra8875.o(.text)
    RA8875_DispAscii                         0x080046a1   Thumb Code   102  ra8875.o(.text)
    RA8875_SetFrontColor                     0x08004707   Thumb Code    34  ra8875.o(.text)
    RA8875_SetBackColor                      0x08004729   Thumb Code    34  ra8875.o(.text)
    RA8875_Layer1Visable                     0x0800474b   Thumb Code    22  ra8875.o(.text)
    RA8875_Layer2Visable                     0x08004761   Thumb Code    24  ra8875.o(.text)
    RA8875_DrawLine                          0x08004779   Thumb Code   104  ra8875.o(.text)
    RA8875_DrawRect                          0x080047e1   Thumb Code   124  ra8875.o(.text)
    RA8875_FillRect                          0x0800485d   Thumb Code   118  ra8875.o(.text)
    RA8875_DrawCircle                        0x080048d3   Thumb Code    74  ra8875.o(.text)
    RA8875_FillCircle                        0x0800491d   Thumb Code    74  ra8875.o(.text)
    RA8875_SetDispWin                        0x08004967   Thumb Code   120  ra8875.o(.text)
    RA8875_QuitWinMode                       0x080049df   Thumb Code    20  ra8875.o(.text)
    RA8875_DrawBMP                           0x080049f3   Thumb Code    76  ra8875.o(.text)
    disk_status                              0x08004a51   Thumb Code    28  diskio.o(.text)
    disk_initialize                          0x08004a6d   Thumb Code    28  diskio.o(.text)
    disk_read                                0x08004a89   Thumb Code    94  diskio.o(.text)
    disk_write                               0x08004ae7   Thumb Code    94  diskio.o(.text)
    disk_ioctl                               0x08004b45   Thumb Code   104  diskio.o(.text)
    get_fattime                              0x08004bad   Thumb Code     4  diskio.o(.text)
    f_mount                                  0x08005b0b   Thumb Code    86  ff.o(.text)
    f_open                                   0x08005b61   Thumb Code   358  ff.o(.text)
    f_read                                   0x08005cc7   Thumb Code   412  ff.o(.text)
    f_write                                  0x08005e63   Thumb Code   496  ff.o(.text)
    f_sync                                   0x08006053   Thumb Code   160  ff.o(.text)
    f_close                                  0x080060f3   Thumb Code    34  ff.o(.text)
    f_lseek                                  0x08006115   Thumb Code   384  ff.o(.text)
    f_opendir                                0x08006295   Thumb Code   116  ff.o(.text)
    f_closedir                               0x08006309   Thumb Code    24  ff.o(.text)
    f_readdir                                0x08006321   Thumb Code    84  ff.o(.text)
    f_stat                                   0x08006375   Thumb Code    66  ff.o(.text)
    f_getfree                                0x080063b7   Thumb Code   252  ff.o(.text)
    f_truncate                               0x080064b3   Thumb Code   178  ff.o(.text)
    f_unlink                                 0x08006565   Thumb Code   174  ff.o(.text)
    f_mkdir                                  0x08006613   Thumb Code   352  ff.o(.text)
    f_rename                                 0x08006773   Thumb Code   254  ff.o(.text)
    Load_BIN_TO_FLASH_ON_CHIP                0x08006871   Thumb Code   350  main.o(.text)
    main                                     0x080069cf   Thumb Code   156  main.o(.text)
    SDIO_IRQHandler                          0x08006b71   Thumb Code     8  stm32f10x_it.o(.text)
    DMA2_Channel4_5_IRQHandler               0x08006b79   Thumb Code     8  stm32f10x_it.o(.text)
    USART1_IRQHandler                        0x08006b81   Thumb Code    50  stm32f10x_it.o(.text)
    USART2_IRQHandler                        0x08006bb3   Thumb Code   138  stm32f10x_it.o(.text)
    NMI_Handler                              0x08006c3d   Thumb Code     2  stm32f10x_it.o(.text)
    HardFault_Handler                        0x08006c3f   Thumb Code     4  stm32f10x_it.o(.text)
    MemManage_Handler                        0x08006c43   Thumb Code     4  stm32f10x_it.o(.text)
    BusFault_Handler                         0x08006c47   Thumb Code     4  stm32f10x_it.o(.text)
    UsageFault_Handler                       0x08006c4b   Thumb Code     4  stm32f10x_it.o(.text)
    SVC_Handler                              0x08006c4f   Thumb Code     2  stm32f10x_it.o(.text)
    DebugMon_Handler                         0x08006c51   Thumb Code     2  stm32f10x_it.o(.text)
    PendSV_Handler                           0x08006c53   Thumb Code     2  stm32f10x_it.o(.text)
    SysTick_Handler                          0x08006c55   Thumb Code     2  stm32f10x_it.o(.text)
    LOG_Init                                 0x08006c6d   Thumb Code    42  lcdprintf.o(.text)
    LOG                                      0x08006c97   Thumb Code   168  lcdprintf.o(.text)
    LoadBinProgress                          0x08006d3f   Thumb Code    32  lcdprintf.o(.text)
    __aeabi_uldivmod                         0x08006d89   Thumb Code    98  uldiv.o(.text)
    __aeabi_memcpy                           0x08006deb   Thumb Code    36  memcpya.o(.text)
    __aeabi_memcpy4                          0x08006deb   Thumb Code     0  memcpya.o(.text)
    __aeabi_memcpy8                          0x08006deb   Thumb Code     0  memcpya.o(.text)
    __aeabi_ddiv                             0x08006e0f   Thumb Code   222  ddiv.o(.text)
    __aeabi_ul2d                             0x08006eed   Thumb Code    24  dfltul.o(.text)
    __aeabi_f2d                              0x08006f05   Thumb Code    38  f2d.o(.text)
    __aeabi_d2f                              0x08006f2b   Thumb Code    56  d2f.o(.text)
    __aeabi_uidiv                            0x08006f63   Thumb Code     0  uidiv.o(.text)
    __aeabi_uidivmod                         0x08006f63   Thumb Code    44  uidiv.o(.text)
    __aeabi_llsl                             0x08006f8f   Thumb Code    30  llshl.o(.text)
    _ll_shift_l                              0x08006f8f   Thumb Code     0  llshl.o(.text)
    __aeabi_llsr                             0x08006fad   Thumb Code    32  llushr.o(.text)
    _ll_ushift_r                             0x08006fad   Thumb Code     0  llushr.o(.text)
    __I$use$fp                               0x08006fcd   Thumb Code     0  iusefp.o(.text)
    _float_round                             0x08006fcd   Thumb Code    18  fepilogue.o(.text)
    _float_epilogue                          0x08006fdf   Thumb Code    92  fepilogue.o(.text)
    _double_round                            0x0800703b   Thumb Code    26  depilogue.o(.text)
    _double_epilogue                         0x08007055   Thumb Code   156  depilogue.o(.text)
    __aeabi_dadd                             0x080070f1   Thumb Code   322  dadd.o(.text)
    __aeabi_dsub                             0x08007233   Thumb Code     6  dadd.o(.text)
    __aeabi_drsub                            0x08007239   Thumb Code     6  dadd.o(.text)
    __aeabi_dmul                             0x0800723f   Thumb Code   228  dmul.o(.text)
    __aeabi_d2ulz                            0x08007323   Thumb Code    48  dfixul.o(.text)
    __aeabi_cdrcmple                         0x08007355   Thumb Code    38  cdrcmple.o(.text)
    __scatterload                            0x0800737d   Thumb Code    28  init.o(.text)
    __scatterload_rt2                        0x0800737d   Thumb Code     0  init.o(.text)
    __aeabi_lasr                             0x080073a1   Thumb Code    36  llsshr.o(.text)
    _ll_sshift_r                             0x080073a1   Thumb Code     0  llsshr.o(.text)
    __0printf                                0x080073c5   Thumb Code    22  printfa.o(i.__0printf)
    __1printf                                0x080073c5   Thumb Code     0  printfa.o(i.__0printf)
    __2printf                                0x080073c5   Thumb Code     0  printfa.o(i.__0printf)
    __c89printf                              0x080073c5   Thumb Code     0  printfa.o(i.__0printf)
    printf                                   0x080073c5   Thumb Code     0  printfa.o(i.__0printf)
    __0sprintf                               0x080073e5   Thumb Code    34  printfa.o(i.__0sprintf)
    __1sprintf                               0x080073e5   Thumb Code     0  printfa.o(i.__0sprintf)
    __2sprintf                               0x080073e5   Thumb Code     0  printfa.o(i.__0sprintf)
    __c89sprintf                             0x080073e5   Thumb Code     0  printfa.o(i.__0sprintf)
    sprintf                                  0x080073e5   Thumb Code     0  printfa.o(i.__0sprintf)
    __scatterload_copy                       0x0800740d   Thumb Code    14  handlers.o(i.__scatterload_copy)
    __scatterload_null                       0x0800741b   Thumb Code     2  handlers.o(i.__scatterload_null)
    __scatterload_zeroinit                   0x0800741d   Thumb Code    14  handlers.o(i.__scatterload_zeroinit)
    Region$$Table$$Base                      0x08007e78   Number         0  anon$$obj.o(Region$$Table)
    Region$$Table$$Limit                     0x08007e98   Number         0  anon$$obj.o(Region$$Table)
    SystemCoreClock                          0x20000000   Data           4  system_stm32f10x.o(.data)
    AHBPrescTable                            0x20000004   Data          16  system_stm32f10x.o(.data)
    data_length                              0x2000002c   Data           2  usart.o(.data)
    StopCondition                            0x20000038   Data           4  sdio_sd.o(.data)
    TransferError                            0x2000003c   Data           1  sdio_sd.o(.data)
    TransferEnd                              0x20000040   Data           4  sdio_sd.o(.data)
    DMAEndOfTransfer                         0x20000044   Data           4  sdio_sd.o(.data)
    POINT_COLOR                              0x20000048   Data           2  ra8875.o(.data)
    BACK_COLOR                               0x2000004a   Data           2  ra8875.o(.data)
    fr                                       0x2000005c   Data           1  main.o(.data)
    br                                       0x20000060   Data           4  main.o(.data)
    Jump_To_Application                      0x20000064   Data           4  main.o(.data)
    JumpAddress                              0x20000068   Data           4  main.o(.data)
    __stdout                                 0x20000070   Data           4  stdout.o(.data)
    rx_buffer                                0x20000074   Data          64  usart.o(.bss)
    tx_buffer                                0x200000b4   Data          64  usart.o(.bss)
    SDCardInfo                               0x20000128   Data          88  sdio_sd.o(.bss)
    SDIO_InitStructure                       0x20000180   Data          24  sdio_sd.o(.bss)
    SDIO_CmdInitStructure                    0x20000198   Data          20  sdio_sd.o(.bss)
    SDIO_DataInitStructure                   0x200001ac   Data          24  sdio_sd.o(.bss)
    fs0                                      0x200001c4   Data         560  main.o(.bss)
    dir0                                     0x200003f4   Data          36  main.o(.bss)
    f_info                                   0x20000418   Data          24  main.o(.bss)
    f0                                       0x20000430   Data         552  main.o(.bss)
    buf0                                     0x20000658   Data        1024  main.o(.bss)
    buf1                                     0x20000a58   Data        1024  main.o(.bss)
    __initial_sp                             0x20001438   Data           0  startup_stm32f10x_hd.o(STACK)



==============================================================================

Memory Map of the image

  Image Entry point : 0x08000131

  Load Region LR_IROM1 (Base: 0x08000000, Size: 0x00007f0c, Max: 0x00010000, ABSOLUTE)

    Execution Region ER_IROM1 (Base: 0x08000000, Size: 0x00007e98, Max: 0x00010000, ABSOLUTE)

    Base Addr    Size         Type   Attr      Idx    E Section Name        Object

    0x08000000   0x00000130   Data   RO            3    RESET               startup_stm32f10x_hd.o
    0x08000130   0x00000000   Code   RO          488  * .ARM.Collect$$$$00000000  mc_w.l(entry.o)
    0x08000130   0x00000004   Code   RO          766    .ARM.Collect$$$$00000001  mc_w.l(entry2.o)
    0x08000134   0x00000004   Code   RO          769    .ARM.Collect$$$$00000004  mc_w.l(entry5.o)
    0x08000138   0x00000000   Code   RO          771    .ARM.Collect$$$$00000008  mc_w.l(entry7b.o)
    0x08000138   0x00000000   Code   RO          773    .ARM.Collect$$$$0000000A  mc_w.l(entry8b.o)
    0x08000138   0x00000008   Code   RO          774    .ARM.Collect$$$$0000000B  mc_w.l(entry9a.o)
    0x08000140   0x00000000   Code   RO          776    .ARM.Collect$$$$0000000D  mc_w.l(entry10a.o)
    0x08000140   0x00000000   Code   RO          778    .ARM.Collect$$$$0000000F  mc_w.l(entry11a.o)
    0x08000140   0x00000004   Code   RO          767    .ARM.Collect$$$$00002712  mc_w.l(entry2.o)
    0x08000144   0x00000020   Code   RO           69    .emb_text           core_cm3.o
    0x08000164   0x00000024   Code   RO            4    .text               startup_stm32f10x_hd.o
    0x08000188   0x000001e0   Code   RO           10    .text               system_stm32f10x.o
    0x08000368   0x000000dc   Code   RO           79    .text               misc.o
    0x08000444   0x000005bc   Code   RO          135    .text               stm32f10x_flash.o
    0x08000a00   0x0000035c   Code   RO          147    .text               stm32f10x_gpio.o
    0x08000d5c   0x000003a4   Code   RO          159    .text               stm32f10x_rcc.o
    0x08001100   0x00000408   Code   RO          173    .text               stm32f10x_usart.o
    0x08001508   0x000001d4   Code   RO          185    .text               stm32f10x_sdio.o
    0x080016dc   0x00000254   Code   RO          197    .text               stm32f10x_dma.o
    0x08001930   0x0000060c   Code   RO          209    .text               stm32f10x_fsmc.o
    0x08001f3c   0x0000012c   Code   RO          221    .text               gpio.o
    0x08002068   0x00000094   Code   RO          236    .text               delay.o
    0x080020fc   0x00000278   Code   RO          253    .text               usart.o
    0x08002374   0x00001b24   Code   RO          277    .text               sdio_sd.o
    0x08003e98   0x0000006a   Code   RO          311    .text               systemclock.o
    0x08003f02   0x00000002   PAD
    0x08003f04   0x00000364   Code   RO          326    .text               fsmc_nor.o
    0x08004268   0x000007e8   Code   RO          344    .text               ra8875.o
    0x08004a50   0x00000168   Code   RO          365    .text               diskio.o
    0x08004bb8   0x00001cb8   Code   RO          387    .text               ff.o
    0x08006870   0x00000300   Code   RO          407    .text               main.o
    0x08006b70   0x000000fc   Code   RO          458    .text               stm32f10x_it.o
    0x08006c6c   0x0000011c   Code   RO          473    .text               lcdprintf.o
    0x08006d88   0x00000062   Code   RO          491    .text               mc_w.l(uldiv.o)
    0x08006dea   0x00000024   Code   RO          493    .text               mc_w.l(memcpya.o)
    0x08006e0e   0x000000de   Code   RO          758    .text               mf_w.l(ddiv.o)
    0x08006eec   0x00000018   Code   RO          760    .text               mf_w.l(dfltul.o)
    0x08006f04   0x00000026   Code   RO          762    .text               mf_w.l(f2d.o)
    0x08006f2a   0x00000038   Code   RO          764    .text               mf_w.l(d2f.o)
    0x08006f62   0x0000002c   Code   RO          781    .text               mc_w.l(uidiv.o)
    0x08006f8e   0x0000001e   Code   RO          783    .text               mc_w.l(llshl.o)
    0x08006fac   0x00000020   Code   RO          785    .text               mc_w.l(llushr.o)
    0x08006fcc   0x00000000   Code   RO          787    .text               mc_w.l(iusefp.o)
    0x08006fcc   0x0000006e   Code   RO          788    .text               mf_w.l(fepilogue.o)
    0x0800703a   0x000000b6   Code   RO          790    .text               mf_w.l(depilogue.o)
    0x080070f0   0x0000014e   Code   RO          792    .text               mf_w.l(dadd.o)
    0x0800723e   0x000000e4   Code   RO          794    .text               mf_w.l(dmul.o)
    0x08007322   0x00000030   Code   RO          796    .text               mf_w.l(dfixul.o)
    0x08007352   0x00000002   PAD
    0x08007354   0x00000028   Code   RO          798    .text               mf_w.l(cdrcmple.o)
    0x0800737c   0x00000024   Code   RO          800    .text               mc_w.l(init.o)
    0x080073a0   0x00000024   Code   RO          802    .text               mc_w.l(llsshr.o)
    0x080073c4   0x00000020   Code   RO          730    i.__0printf         mc_w.l(printfa.o)
    0x080073e4   0x00000028   Code   RO          732    i.__0sprintf        mc_w.l(printfa.o)
    0x0800740c   0x0000000e   Code   RO          806    i.__scatterload_copy  mc_w.l(handlers.o)
    0x0800741a   0x00000002   Code   RO          807    i.__scatterload_null  mc_w.l(handlers.o)
    0x0800741c   0x0000000e   Code   RO          808    i.__scatterload_zeroinit  mc_w.l(handlers.o)
    0x0800742a   0x00000002   PAD
    0x0800742c   0x00000164   Code   RO          737    i._fp_digits        mc_w.l(printfa.o)
    0x08007590   0x000006dc   Code   RO          738    i._printf_core      mc_w.l(printfa.o)
    0x08007c6c   0x00000024   Code   RO          739    i._printf_post_padding  mc_w.l(printfa.o)
    0x08007c90   0x0000002e   Code   RO          740    i._printf_pre_padding  mc_w.l(printfa.o)
    0x08007cbe   0x0000000a   Code   RO          742    i._sputc            mc_w.l(printfa.o)
    0x08007cc8   0x000001ae   Data   RO          255    .conststring        usart.o
    0x08007e76   0x00000002   PAD
    0x08007e78   0x00000020   Data   RO          804    Region$$Table       anon$$obj.o


    Execution Region RW_IRAM1 (Base: 0x20000000, Size: 0x00001438, Max: 0x00010000, ABSOLUTE)

    Base Addr    Size         Type   Attr      Idx    E Section Name        Object

    0x20000000   0x00000014   Data   RW           11    .data               system_stm32f10x.o
    0x20000014   0x00000014   Data   RW          160    .data               stm32f10x_rcc.o
    0x20000028   0x00000004   Data   RW          237    .data               delay.o
    0x2000002c   0x00000002   Data   RW          256    .data               usart.o
    0x2000002e   0x00000002   PAD
    0x20000030   0x00000018   Data   RW          279    .data               sdio_sd.o
    0x20000048   0x0000000c   Data   RW          345    .data               ra8875.o
    0x20000054   0x00000006   Data   RW          388    .data               ff.o
    0x2000005a   0x00000002   PAD
    0x2000005c   0x00000010   Data   RW          409    .data               main.o
    0x2000006c   0x00000001   Data   RW          475    .data               lcdprintf.o
    0x2000006d   0x00000003   PAD
    0x20000070   0x00000004   Data   RW          780    .data               mc_w.l(stdout.o)
    0x20000074   0x00000080   Zero   RW          254    .bss                usart.o
    0x200000f4   0x00000004   PAD
    0x200000f8   0x000000cc   Zero   RW          278    .bss                sdio_sd.o
    0x200001c4   0x00000c94   Zero   RW          408    .bss                main.o
    0x20000e58   0x000001e0   Zero   RW          474    .bss                lcdprintf.o
    0x20001038   0x00000400   Zero   RW            1    STACK               startup_stm32f10x_hd.o


==============================================================================

Image component sizes


      Code (inc. data)   RO Data    RW Data    ZI Data      Debug   Object Name

        32          0          0          0          0        572   core_cm3.o
       148         12          0          4          0        984   delay.o
       360          8          0          0          0      10271   diskio.o
      7352         50          0          6          0      25480   ff.o
       868         26          0          0          0       4756   fsmc_nor.o
       300         26          0          0          0       1041   gpio.o
       284         42          0          1        480       1607   lcdprintf.o
       768        262          0         16       3220      20589   main.o
       220         22          0          0          0     206869   misc.o
      2024         44          0         12          0       8584   ra8875.o
      6948        374          0         24        204      25237   sdio_sd.o
        36          8        304          0       1024        932   startup_stm32f10x_hd.o
       596          8          0          0          0       4426   stm32f10x_dma.o
      1468         34          0          0          0       8126   stm32f10x_flash.o
      1548         18          0          0          0       5439   stm32f10x_fsmc.o
       860         38          0          0          0       5737   stm32f10x_gpio.o
       252         22          0          0          0       1977   stm32f10x_it.o
       932         36          0         20          0       8928   stm32f10x_rcc.o
       468         22          0          0          0       7180   stm32f10x_sdio.o
      1032         22          0          0          0       8464   stm32f10x_usart.o
       480         38          0         20          0      63091   system_stm32f10x.o
       106          0          0          0          0        516   systemclock.o
       632         96        430          2        128       3790   usart.o

    ----------------------------------------------------------------------
     27716       1208        768        112       5060     424596   Object Totals
         0          0         32          0          0          0   (incl. Generated)
         2          0          2          7          4          0   (incl. Padding)

    ----------------------------------------------------------------------

      Code (inc. data)   RO Data    RW Data    ZI Data      Debug   Library Member Name

         0          0          0          0          0          0   entry.o
         0          0          0          0          0          0   entry10a.o
         0          0          0          0          0          0   entry11a.o
         8          4          0          0          0          0   entry2.o
         4          0          0          0          0          0   entry5.o
         0          0          0          0          0          0   entry7b.o
         0          0          0          0          0          0   entry8b.o
         8          4          0          0          0          0   entry9a.o
        30          0          0          0          0          0   handlers.o
        36          8          0          0          0         68   init.o
         0          0          0          0          0          0   iusefp.o
        30          0          0          0          0         68   llshl.o
        36          0          0          0          0         68   llsshr.o
        32          0          0          0          0         68   llushr.o
        36          0          0          0          0         68   memcpya.o
      2276         96          0          0          0        596   printfa.o
         0          0          0          4          0          0   stdout.o
        44          0          0          0          0         80   uidiv.o
        98          0          0          0          0         92   uldiv.o
        40          2          0          0          0         68   cdrcmple.o
        56          0          0          0          0         88   d2f.o
       334          0          0          0          0        148   dadd.o
       222          0          0          0          0        100   ddiv.o
       182          0          0          0          0        176   depilogue.o
        48          0          0          0          0         68   dfixul.o
        24          0          0          0          0         76   dfltul.o
       228          0          0          0          0         96   dmul.o
        38          0          0          0          0         68   f2d.o
       110          0          0          0          0        168   fepilogue.o

    ----------------------------------------------------------------------
      3924        114          0          4          0       2164   Library Totals
         4          0          0          0          0          0   (incl. Padding)

    ----------------------------------------------------------------------

      Code (inc. data)   RO Data    RW Data    ZI Data      Debug   Library Name

      2638        112          0          4          0       1108   mc_w.l
      1282          2          0          0          0       1056   mf_w.l

    ----------------------------------------------------------------------
      3924        114          0          4          0       2164   Library Totals

    ----------------------------------------------------------------------

==============================================================================


      Code (inc. data)   RO Data    RW Data    ZI Data      Debug   

     31640       1322        768        116       5060     423480   Grand Totals
     31640       1322        768        116       5060     423480   ELF Image Totals
     31640       1322        768        116          0          0   ROM Totals

==============================================================================

    Total RO  Size (Code + RO Data)                32408 (  31.65kB)
    Total RW  Size (RW Data + ZI Data)              5176 (   5.05kB)
    Total ROM Size (Code + RO Data + RW Data)      32524 (  31.76kB)

==============================================================================

